

================================================================
== Vitis HLS Report for 'CNN'
================================================================
* Date:           Wed Jan 27 17:53:28 2021

* Version:        2020.2 (Build 3064766 on Wed Nov 18 09:12:45 MST 2020)
* Project:        Convolution
* Solution:       solution1 (Vivado IP Flow Target)
* Product family: zynq
* Target device:  xc7z020-clg484-1


================================================================
== Performance Estimates
================================================================
+ Timing: 
    * Summary: 
    +--------+----------+----------+------------+
    |  Clock |  Target  | Estimated| Uncertainty|
    +--------+----------+----------+------------+
    |ap_clk  |  10.00 ns|  7.084 ns|     2.70 ns|
    +--------+----------+----------+------------+

+ Latency: 
    * Summary: 
    +---------+---------+-----------+-----------+------+------+---------+
    |  Latency (cycles) |   Latency (absolute)  |   Interval  | Pipeline|
    |   min   |   max   |    min    |    max    |  min |  max |   Type  |
    +---------+---------+-----------+-----------+------+------+---------+
    |     4149|     4149|  41.490 us|  41.490 us|  4150|  4150|     none|
    +---------+---------+-----------+-----------+------+------+---------+

    + Detail: 
        * Instance: 
        N/A

        * Loop: 
        +-------------------------------+---------+---------+----------+-----------+-----------+------+----------+
        |                               |  Latency (cycles) | Iteration|  Initiation Interval  | Trip |          |
        |           Loop Name           |   min   |   max   |  Latency |  achieved |   target  | Count| Pipelined|
        +-------------------------------+---------+---------+----------+-----------+-----------+------+----------+
        |- buffer_VITIS_LOOP_18_1       |       82|       82|         4|          1|          1|    80|       yes|
        |- convolution_VITIS_LOOP_28_2  |     3869|     3869|        54|         24|          1|   160|       yes|
        |- pooling                      |       35|       35|         5|          1|          1|    32|       yes|
        |- NN                           |       98|       98|        36|          1|          1|    64|       yes|
        |- output                       |       39|       39|        36|          4|          1|     2|       yes|
        +-------------------------------+---------+---------+----------+-----------+-----------+------+----------+



================================================================
== Utilization Estimates
================================================================
* Summary: 
+-----------------+---------+-----+--------+-------+-----+
|       Name      | BRAM_18K| DSP |   FF   |  LUT  | URAM|
+-----------------+---------+-----+--------+-------+-----+
|DSP              |        -|   76|       -|      -|    -|
|Expression       |        -|    -|       0|   5006|    -|
|FIFO             |        -|    -|       -|      -|    -|
|Instance         |        -|   73|       0|    556|    -|
|Memory           |       68|    -|     914|    494|    -|
|Multiplexer      |        -|    -|       -|   1435|    -|
|Register         |        -|    -|   10571|   1792|    -|
+-----------------+---------+-----+--------+-------+-----+
|Total            |       68|  149|   11485|   9283|    0|
+-----------------+---------+-----+--------+-------+-----+
|Available        |      280|  220|  106400|  53200|    0|
+-----------------+---------+-----+--------+-------+-----+
|Utilization (%)  |       24|   67|      10|     17|    0|
+-----------------+---------+-----+--------+-------+-----+

+ Detail: 
    * Instance: 
    +-------------------------+----------------------+---------+----+---+----+-----+
    |         Instance        |        Module        | BRAM_18K| DSP| FF| LUT| URAM|
    +-------------------------+----------------------+---------+----+---+----+-----+
    |mul_14s_19ns_32_1_1_U56  |mul_14s_19ns_32_1_1   |        0|   1|  0|   7|    0|
    |mul_15s_19ns_33_1_1_U11  |mul_15s_19ns_33_1_1   |        0|   1|  0|   7|    0|
    |mul_15s_19ns_33_1_1_U24  |mul_15s_19ns_33_1_1   |        0|   1|  0|   7|    0|
    |mul_15s_19ns_33_1_1_U35  |mul_15s_19ns_33_1_1   |        0|   1|  0|   7|    0|
    |mul_15s_19ns_33_1_1_U61  |mul_15s_19ns_33_1_1   |        0|   1|  0|   7|    0|
    |mul_15s_19ns_34_1_1_U53  |mul_15s_19ns_34_1_1   |        0|   1|  0|   7|    0|
    |mul_15s_19ns_34_1_1_U62  |mul_15s_19ns_34_1_1   |        0|   1|  0|   7|    0|
    |mul_16s_19ns_34_1_1_U15  |mul_16s_19ns_34_1_1   |        0|   1|  0|   7|    0|
    |mul_16s_19ns_34_1_1_U23  |mul_16s_19ns_34_1_1   |        0|   1|  0|   7|    0|
    |mul_16s_19ns_34_1_1_U25  |mul_16s_19ns_34_1_1   |        0|   1|  0|   7|    0|
    |mul_16s_19ns_34_1_1_U32  |mul_16s_19ns_34_1_1   |        0|   1|  0|   7|    0|
    |mul_16s_19ns_34_1_1_U38  |mul_16s_19ns_34_1_1   |        0|   1|  0|   7|    0|
    |mul_16s_19ns_34_1_1_U39  |mul_16s_19ns_34_1_1   |        0|   1|  0|   7|    0|
    |mul_16s_19ns_34_1_1_U40  |mul_16s_19ns_34_1_1   |        0|   1|  0|   7|    0|
    |mul_16s_19ns_34_1_1_U41  |mul_16s_19ns_34_1_1   |        0|   1|  0|   7|    0|
    |mul_16s_19ns_34_1_1_U42  |mul_16s_19ns_34_1_1   |        0|   1|  0|   7|    0|
    |mul_16s_19ns_34_1_1_U43  |mul_16s_19ns_34_1_1   |        0|   1|  0|   7|    0|
    |mul_16s_19ns_34_1_1_U48  |mul_16s_19ns_34_1_1   |        0|   1|  0|   7|    0|
    |mul_16s_19ns_34_1_1_U52  |mul_16s_19ns_34_1_1   |        0|   1|  0|   7|    0|
    |mul_16s_19ns_34_1_1_U55  |mul_16s_19ns_34_1_1   |        0|   1|  0|   7|    0|
    |mul_16s_19ns_34_1_1_U59  |mul_16s_19ns_34_1_1   |        0|   1|  0|   7|    0|
    |mul_16s_19ns_34_1_1_U63  |mul_16s_19ns_34_1_1   |        0|   1|  0|   7|    0|
    |mul_16s_19ns_34_1_1_U67  |mul_16s_19ns_34_1_1   |        0|   1|  0|   7|    0|
    |mul_16s_19ns_35_1_1_U13  |mul_16s_19ns_35_1_1   |        0|   1|  0|   7|    0|
    |mul_16s_19ns_35_1_1_U18  |mul_16s_19ns_35_1_1   |        0|   1|  0|   7|    0|
    |mul_16s_19ns_35_1_1_U22  |mul_16s_19ns_35_1_1   |        0|   1|  0|   7|    0|
    |mul_16s_19ns_35_1_1_U46  |mul_16s_19ns_35_1_1   |        0|   1|  0|   7|    0|
    |mul_16s_19ns_35_1_1_U50  |mul_16s_19ns_35_1_1   |        0|   1|  0|   7|    0|
    |mul_16s_19ns_35_1_1_U58  |mul_16s_19ns_35_1_1   |        0|   1|  0|   7|    0|
    |mul_16s_19ns_35_1_1_U64  |mul_16s_19ns_35_1_1   |        0|   1|  0|   7|    0|
    |mul_16s_19ns_35_1_1_U65  |mul_16s_19ns_35_1_1   |        0|   1|  0|   7|    0|
    |mul_16s_19ns_35_1_1_U68  |mul_16s_19ns_35_1_1   |        0|   1|  0|   7|    0|
    |mul_16s_19ns_35_1_1_U70  |mul_16s_19ns_35_1_1   |        0|   1|  0|   7|    0|
    |mul_16s_19ns_35_1_1_U71  |mul_16s_19ns_35_1_1   |        0|   1|  0|   7|    0|
    |mul_16s_19ns_35_1_1_U72  |mul_16s_19ns_35_1_1   |        0|   1|  0|   7|    0|
    |mul_16s_19ns_35_1_1_U73  |mul_16s_19ns_35_1_1   |        0|   1|  0|   7|    0|
    |mul_17s_19ns_35_1_1_U17  |mul_17s_19ns_35_1_1   |        0|   1|  0|   7|    0|
    |mul_17s_19ns_36_1_1_U12  |mul_17s_19ns_36_1_1   |        0|   1|  0|   7|    0|
    |mul_17s_19ns_36_1_1_U14  |mul_17s_19ns_36_1_1   |        0|   1|  0|   7|    0|
    |mul_17s_19ns_36_1_1_U16  |mul_17s_19ns_36_1_1   |        0|   1|  0|   7|    0|
    |mul_17s_19ns_36_1_1_U19  |mul_17s_19ns_36_1_1   |        0|   1|  0|   7|    0|
    |mul_17s_19ns_36_1_1_U20  |mul_17s_19ns_36_1_1   |        0|   1|  0|   7|    0|
    |mul_17s_19ns_36_1_1_U21  |mul_17s_19ns_36_1_1   |        0|   1|  0|   7|    0|
    |mul_17s_19ns_36_1_1_U26  |mul_17s_19ns_36_1_1   |        0|   1|  0|   7|    0|
    |mul_17s_19ns_36_1_1_U28  |mul_17s_19ns_36_1_1   |        0|   1|  0|   7|    0|
    |mul_17s_19ns_36_1_1_U29  |mul_17s_19ns_36_1_1   |        0|   1|  0|   7|    0|
    |mul_17s_19ns_36_1_1_U30  |mul_17s_19ns_36_1_1   |        0|   1|  0|   7|    0|
    |mul_17s_19ns_36_1_1_U31  |mul_17s_19ns_36_1_1   |        0|   1|  0|   7|    0|
    |mul_17s_19ns_36_1_1_U33  |mul_17s_19ns_36_1_1   |        0|   1|  0|   7|    0|
    |mul_17s_19ns_36_1_1_U34  |mul_17s_19ns_36_1_1   |        0|   1|  0|   7|    0|
    |mul_17s_19ns_36_1_1_U36  |mul_17s_19ns_36_1_1   |        0|   1|  0|   7|    0|
    |mul_17s_19ns_36_1_1_U37  |mul_17s_19ns_36_1_1   |        0|   1|  0|   7|    0|
    |mul_17s_19ns_36_1_1_U44  |mul_17s_19ns_36_1_1   |        0|   1|  0|   7|    0|
    |mul_17s_19ns_36_1_1_U45  |mul_17s_19ns_36_1_1   |        0|   1|  0|   7|    0|
    |mul_17s_19ns_36_1_1_U47  |mul_17s_19ns_36_1_1   |        0|   1|  0|   7|    0|
    |mul_17s_19ns_36_1_1_U54  |mul_17s_19ns_36_1_1   |        0|   1|  0|   7|    0|
    |mul_17s_19ns_36_1_1_U57  |mul_17s_19ns_36_1_1   |        0|   1|  0|   7|    0|
    |mul_17s_19ns_36_1_1_U60  |mul_17s_19ns_36_1_1   |        0|   1|  0|   7|    0|
    |mul_17s_19ns_36_1_1_U69  |mul_17s_19ns_36_1_1   |        0|   1|  0|   7|    0|
    |mul_18s_19ns_36_1_1_U27  |mul_18s_19ns_36_1_1   |        0|   1|  0|   7|    0|
    |mul_18s_19ns_36_1_1_U49  |mul_18s_19ns_36_1_1   |        0|   1|  0|   7|    0|
    |mul_18s_19ns_36_1_1_U51  |mul_18s_19ns_36_1_1   |        0|   1|  0|   7|    0|
    |mul_18s_19ns_36_1_1_U66  |mul_18s_19ns_36_1_1   |        0|   1|  0|   7|    0|
    |mul_19ns_21ns_39_1_1_U1  |mul_19ns_21ns_39_1_1  |        0|   1|  0|  16|    0|
    |mul_19ns_21ns_39_1_1_U2  |mul_19ns_21ns_39_1_1  |        0|   1|  0|  16|    0|
    |mul_19ns_21ns_39_1_1_U3  |mul_19ns_21ns_39_1_1  |        0|   1|  0|  16|    0|
    |mul_19ns_21ns_39_1_1_U4  |mul_19ns_21ns_39_1_1  |        0|   1|  0|  16|    0|
    |mul_19ns_21ns_39_1_1_U5  |mul_19ns_21ns_39_1_1  |        0|   1|  0|  16|    0|
    |mul_19s_19ns_36_1_1_U6   |mul_19s_19ns_36_1_1   |        0|   1|  0|   7|    0|
    |mul_19s_19ns_36_1_1_U7   |mul_19s_19ns_36_1_1   |        0|   1|  0|   7|    0|
    |mul_19s_19ns_36_1_1_U8   |mul_19s_19ns_36_1_1   |        0|   1|  0|   7|    0|
    |mul_19s_19ns_36_1_1_U9   |mul_19s_19ns_36_1_1   |        0|   1|  0|   7|    0|
    |mul_19s_19ns_36_1_1_U10  |mul_19s_19ns_36_1_1   |        0|   1|  0|   7|    0|
    +-------------------------+----------------------+---------+----+---+----+-----+
    |Total                    |                      |        0|  73|  0| 556|    0|
    +-------------------------+----------------------+---------+----+---+----+-----+

    * DSP: 
    +--------------------------------------+---------------------------------+--------------+
    |               Instance               |              Module             |  Expression  |
    +--------------------------------------+---------------------------------+--------------+
    |mac_muladd_15s_19ns_36ns_36_4_1_U125  |mac_muladd_15s_19ns_36ns_36_4_1  |  i0 + i1 * i2|
    |mac_muladd_15s_19ns_36ns_36_4_1_U133  |mac_muladd_15s_19ns_36ns_36_4_1  |  i0 + i1 * i2|
    |mac_muladd_15s_19ns_36ns_36_4_1_U134  |mac_muladd_15s_19ns_36ns_36_4_1  |  i0 + i1 * i2|
    |mac_muladd_15s_19ns_36ns_36_4_1_U136  |mac_muladd_15s_19ns_36ns_36_4_1  |  i0 + i1 * i2|
    |mac_muladd_15s_19ns_36ns_36_4_1_U147  |mac_muladd_15s_19ns_36ns_36_4_1  |  i0 + i1 * i2|
    |mac_muladd_16s_19ns_36ns_36_4_1_U144  |mac_muladd_16s_19ns_36ns_36_4_1  |  i0 + i1 * i2|
    |mac_muladd_16s_20s_36ns_36_4_1_U75    |mac_muladd_16s_20s_36ns_36_4_1   |  i0 + i1 * i2|
    |mac_muladd_16s_20s_36ns_36_4_1_U76    |mac_muladd_16s_20s_36ns_36_4_1   |  i0 + i1 * i2|
    |mac_muladd_16s_20s_36ns_36_4_1_U77    |mac_muladd_16s_20s_36ns_36_4_1   |  i0 + i1 * i2|
    |mac_muladd_16s_20s_36ns_36_4_1_U79    |mac_muladd_16s_20s_36ns_36_4_1   |  i0 + i1 * i2|
    |mac_muladd_16s_20s_36ns_36_4_1_U80    |mac_muladd_16s_20s_36ns_36_4_1   |  i0 + i1 * i2|
    |mac_muladd_16s_20s_36ns_36_4_1_U81    |mac_muladd_16s_20s_36ns_36_4_1   |  i0 + i1 * i2|
    |mac_muladd_16s_20s_36ns_36_4_1_U83    |mac_muladd_16s_20s_36ns_36_4_1   |  i0 + i1 * i2|
    |mac_muladd_16s_20s_36ns_36_4_1_U84    |mac_muladd_16s_20s_36ns_36_4_1   |  i0 + i1 * i2|
    |mac_muladd_16s_20s_36ns_36_4_1_U85    |mac_muladd_16s_20s_36ns_36_4_1   |  i0 + i1 * i2|
    |mac_muladd_16s_20s_36ns_36_4_1_U86    |mac_muladd_16s_20s_36ns_36_4_1   |  i0 + i1 * i2|
    |mac_muladd_16s_20s_36ns_36_4_1_U87    |mac_muladd_16s_20s_36ns_36_4_1   |  i0 + i1 * i2|
    |mac_muladd_16s_20s_36ns_36_4_1_U88    |mac_muladd_16s_20s_36ns_36_4_1   |  i0 + i1 * i2|
    |mac_muladd_16s_20s_36ns_36_4_1_U91    |mac_muladd_16s_20s_36ns_36_4_1   |  i0 + i1 * i2|
    |mac_muladd_16s_20s_36ns_36_4_1_U92    |mac_muladd_16s_20s_36ns_36_4_1   |  i0 + i1 * i2|
    |mac_muladd_16s_20s_36ns_36_4_1_U95    |mac_muladd_16s_20s_36ns_36_4_1   |  i0 + i1 * i2|
    |mac_muladd_16s_20s_36ns_36_4_1_U96    |mac_muladd_16s_20s_36ns_36_4_1   |  i0 + i1 * i2|
    |mac_muladd_16s_20s_36ns_36_4_1_U97    |mac_muladd_16s_20s_36ns_36_4_1   |  i0 + i1 * i2|
    |mac_muladd_16s_20s_36ns_36_4_1_U101   |mac_muladd_16s_20s_36ns_36_4_1   |  i0 + i1 * i2|
    |mac_muladd_16s_20s_36ns_36_4_1_U103   |mac_muladd_16s_20s_36ns_36_4_1   |  i0 + i1 * i2|
    |mac_muladd_16s_20s_36ns_36_4_1_U104   |mac_muladd_16s_20s_36ns_36_4_1   |  i0 + i1 * i2|
    |mac_muladd_16s_20s_36ns_36_4_1_U105   |mac_muladd_16s_20s_36ns_36_4_1   |  i0 + i1 * i2|
    |mac_muladd_16s_20s_36ns_36_4_1_U107   |mac_muladd_16s_20s_36ns_36_4_1   |  i0 + i1 * i2|
    |mac_muladd_16s_20s_36ns_36_4_1_U108   |mac_muladd_16s_20s_36ns_36_4_1   |  i0 + i1 * i2|
    |mac_muladd_16s_20s_36ns_36_4_1_U109   |mac_muladd_16s_20s_36ns_36_4_1   |  i0 + i1 * i2|
    |mac_muladd_16s_20s_36ns_36_4_1_U111   |mac_muladd_16s_20s_36ns_36_4_1   |  i0 + i1 * i2|
    |mac_muladd_16s_20s_36ns_36_4_1_U112   |mac_muladd_16s_20s_36ns_36_4_1   |  i0 + i1 * i2|
    |mac_muladd_16s_20s_36ns_36_4_1_U113   |mac_muladd_16s_20s_36ns_36_4_1   |  i0 + i1 * i2|
    |mac_muladd_16s_20s_36ns_36_4_1_U116   |mac_muladd_16s_20s_36ns_36_4_1   |  i0 + i1 * i2|
    |mac_muladd_16s_20s_36ns_36_4_1_U117   |mac_muladd_16s_20s_36ns_36_4_1   |  i0 + i1 * i2|
    |mac_muladd_16s_20s_36ns_36_4_1_U119   |mac_muladd_16s_20s_36ns_36_4_1   |  i0 + i1 * i2|
    |mac_muladd_16s_20s_36ns_36_4_1_U120   |mac_muladd_16s_20s_36ns_36_4_1   |  i0 + i1 * i2|
    |mac_muladd_17s_19ns_36ns_36_4_1_U123  |mac_muladd_17s_19ns_36ns_36_4_1  |  i0 + i1 * i2|
    |mac_muladd_17s_19ns_36ns_36_4_1_U131  |mac_muladd_17s_19ns_36ns_36_4_1  |  i0 + i1 * i2|
    |mac_muladd_17s_19ns_36ns_36_4_1_U140  |mac_muladd_17s_19ns_36ns_36_4_1  |  i0 + i1 * i2|
    |mac_muladd_17s_19ns_36ns_36_4_1_U141  |mac_muladd_17s_19ns_36ns_36_4_1  |  i0 + i1 * i2|
    |mac_muladd_17s_19ns_36ns_36_4_1_U142  |mac_muladd_17s_19ns_36ns_36_4_1  |  i0 + i1 * i2|
    |mac_muladd_17s_19ns_36ns_36_4_1_U143  |mac_muladd_17s_19ns_36ns_36_4_1  |  i0 + i1 * i2|
    |mac_muladd_17s_20s_36ns_36_4_1_U78    |mac_muladd_17s_20s_36ns_36_4_1   |  i0 + i1 * i2|
    |mac_muladd_17s_20s_36ns_36_4_1_U82    |mac_muladd_17s_20s_36ns_36_4_1   |  i0 + i1 * i2|
    |mac_muladd_17s_20s_36ns_36_4_1_U89    |mac_muladd_17s_20s_36ns_36_4_1   |  i0 + i1 * i2|
    |mac_muladd_17s_20s_36ns_36_4_1_U90    |mac_muladd_17s_20s_36ns_36_4_1   |  i0 + i1 * i2|
    |mac_muladd_17s_20s_36ns_36_4_1_U93    |mac_muladd_17s_20s_36ns_36_4_1   |  i0 + i1 * i2|
    |mac_muladd_17s_20s_36ns_36_4_1_U94    |mac_muladd_17s_20s_36ns_36_4_1   |  i0 + i1 * i2|
    |mac_muladd_17s_20s_36ns_36_4_1_U98    |mac_muladd_17s_20s_36ns_36_4_1   |  i0 + i1 * i2|
    |mac_muladd_17s_20s_36ns_36_4_1_U99    |mac_muladd_17s_20s_36ns_36_4_1   |  i0 + i1 * i2|
    |mac_muladd_17s_20s_36ns_36_4_1_U100   |mac_muladd_17s_20s_36ns_36_4_1   |  i0 + i1 * i2|
    |mac_muladd_17s_20s_36ns_36_4_1_U102   |mac_muladd_17s_20s_36ns_36_4_1   |  i0 + i1 * i2|
    |mac_muladd_17s_20s_36ns_36_4_1_U106   |mac_muladd_17s_20s_36ns_36_4_1   |  i0 + i1 * i2|
    |mac_muladd_17s_20s_36ns_36_4_1_U110   |mac_muladd_17s_20s_36ns_36_4_1   |  i0 + i1 * i2|
    |mac_muladd_17s_20s_36ns_36_4_1_U114   |mac_muladd_17s_20s_36ns_36_4_1   |  i0 + i1 * i2|
    |mac_muladd_17s_20s_36ns_36_4_1_U115   |mac_muladd_17s_20s_36ns_36_4_1   |  i0 + i1 * i2|
    |mac_muladd_17s_20s_36ns_36_4_1_U118   |mac_muladd_17s_20s_36ns_36_4_1   |  i0 + i1 * i2|
    |mac_muladd_17s_20s_36ns_36_4_1_U121   |mac_muladd_17s_20s_36ns_36_4_1   |  i0 + i1 * i2|
    |mac_muladd_18s_19ns_36ns_36_4_1_U122  |mac_muladd_18s_19ns_36ns_36_4_1  |  i0 + i1 * i2|
    |mac_muladd_18s_19ns_36ns_36_4_1_U124  |mac_muladd_18s_19ns_36ns_36_4_1  |  i0 + i1 * i2|
    |mac_muladd_18s_19ns_36ns_36_4_1_U126  |mac_muladd_18s_19ns_36ns_36_4_1  |  i0 + i1 * i2|
    |mac_muladd_18s_19ns_36ns_36_4_1_U127  |mac_muladd_18s_19ns_36ns_36_4_1  |  i0 + i1 * i2|
    |mac_muladd_18s_19ns_36ns_36_4_1_U128  |mac_muladd_18s_19ns_36ns_36_4_1  |  i0 + i1 * i2|
    |mac_muladd_18s_19ns_36ns_36_4_1_U129  |mac_muladd_18s_19ns_36ns_36_4_1  |  i0 + i1 * i2|
    |mac_muladd_18s_19ns_36ns_36_4_1_U130  |mac_muladd_18s_19ns_36ns_36_4_1  |  i0 + i1 * i2|
    |mac_muladd_18s_19ns_36ns_36_4_1_U132  |mac_muladd_18s_19ns_36ns_36_4_1  |  i0 + i1 * i2|
    |mac_muladd_18s_19ns_36ns_36_4_1_U135  |mac_muladd_18s_19ns_36ns_36_4_1  |  i0 + i1 * i2|
    |mac_muladd_18s_19ns_36ns_36_4_1_U137  |mac_muladd_18s_19ns_36ns_36_4_1  |  i0 + i1 * i2|
    |mac_muladd_18s_19ns_36ns_36_4_1_U138  |mac_muladd_18s_19ns_36ns_36_4_1  |  i0 + i1 * i2|
    |mac_muladd_18s_19ns_36ns_36_4_1_U139  |mac_muladd_18s_19ns_36ns_36_4_1  |  i0 + i1 * i2|
    |mac_muladd_18s_19ns_36ns_36_4_1_U145  |mac_muladd_18s_19ns_36ns_36_4_1  |  i0 + i1 * i2|
    |mac_muladd_18s_19ns_36ns_36_4_1_U146  |mac_muladd_18s_19ns_36ns_36_4_1  |  i0 + i1 * i2|
    |mac_muladd_18s_19ns_36ns_36_4_1_U148  |mac_muladd_18s_19ns_36ns_36_4_1  |  i0 + i1 * i2|
    |mul_mul_17s_20s_36_4_1_U74            |mul_mul_17s_20s_36_4_1           |       i0 * i1|
    |mul_mul_19ns_15ns_33_4_1_U149         |mul_mul_19ns_15ns_33_4_1         |       i0 * i1|
    +--------------------------------------+---------------------------------+--------------+

    * Memory: 
    +-----------------------------+---------------------------+---------+----+----+-----+------+-----+------+-------------+
    |            Memory           |           Module          | BRAM_18K| FF | LUT| URAM| Words| Bits| Banks| W*Bits*Banks|
    +-----------------------------+---------------------------+---------+----+----+-----+------+-----+------+-------------+
    |conv1_out_V_U                |conv1_out_V                |        8|   0|   0|    0|   160|   19|     1|         3040|
    |conv_layer_bias_V_U          |conv_layer_bias_V          |        0|  16|   8|    0|    32|   16|     1|          512|
    |conv_layer_weights_V_0_0_U   |conv_layer_weights_V_0_0   |        0|  17|   9|    0|    32|   17|     1|          544|
    |conv_layer_weights_V_0_1_U   |conv_layer_weights_V_0_1   |        0|  16|   8|    0|    32|   16|     1|          512|
    |conv_layer_weights_V_0_10_U  |conv_layer_weights_V_0_10  |        0|  16|   8|    0|    32|   16|     1|          512|
    |conv_layer_weights_V_0_11_U  |conv_layer_weights_V_0_11  |        0|  16|   8|    0|    32|   16|     1|          512|
    |conv_layer_weights_V_0_12_U  |conv_layer_weights_V_0_12  |        0|  16|   8|    0|    32|   16|     1|          512|
    |conv_layer_weights_V_0_13_U  |conv_layer_weights_V_0_13  |        0|  16|   8|    0|    32|   16|     1|          512|
    |conv_layer_weights_V_0_14_U  |conv_layer_weights_V_0_14  |        0|  16|   8|    0|    32|   16|     1|          512|
    |conv_layer_weights_V_0_15_U  |conv_layer_weights_V_0_15  |        0|  17|   9|    0|    32|   17|     1|          544|
    |conv_layer_weights_V_0_2_U   |conv_layer_weights_V_0_2   |        0|  16|   8|    0|    32|   16|     1|          512|
    |conv_layer_weights_V_0_3_U   |conv_layer_weights_V_0_3   |        0|  16|   8|    0|    32|   16|     1|          512|
    |conv_layer_weights_V_0_4_U   |conv_layer_weights_V_0_4   |        0|  17|   9|    0|    32|   17|     1|          544|
    |conv_layer_weights_V_0_5_U   |conv_layer_weights_V_0_5   |        0|  16|   8|    0|    32|   16|     1|          512|
    |conv_layer_weights_V_0_6_U   |conv_layer_weights_V_0_6   |        0|  16|   8|    0|    32|   16|     1|          512|
    |conv_layer_weights_V_0_7_U   |conv_layer_weights_V_0_7   |        0|  16|   8|    0|    32|   16|     1|          512|
    |conv_layer_weights_V_0_8_U   |conv_layer_weights_V_0_8   |        0|  17|   9|    0|    32|   17|     1|          544|
    |conv_layer_weights_V_0_9_U   |conv_layer_weights_V_0_9   |        0|  16|   8|    0|    32|   16|     1|          512|
    |conv_layer_weights_V_1_0_U   |conv_layer_weights_V_1_0   |        0|  17|   9|    0|    32|   17|     1|          544|
    |conv_layer_weights_V_1_1_U   |conv_layer_weights_V_1_1   |        0|  16|   8|    0|    32|   16|     1|          512|
    |conv_layer_weights_V_1_10_U  |conv_layer_weights_V_1_10  |        0|  17|   9|    0|    32|   17|     1|          544|
    |conv_layer_weights_V_1_11_U  |conv_layer_weights_V_1_11  |        0|  16|   8|    0|    32|   16|     1|          512|
    |conv_layer_weights_V_1_12_U  |conv_layer_weights_V_1_12  |        0|  17|   9|    0|    32|   17|     1|          544|
    |conv_layer_weights_V_1_13_U  |conv_layer_weights_V_1_13  |        0|  16|   8|    0|    32|   16|     1|          512|
    |conv_layer_weights_V_1_14_U  |conv_layer_weights_V_1_14  |        0|  16|   8|    0|    32|   16|     1|          512|
    |conv_layer_weights_V_1_15_U  |conv_layer_weights_V_1_15  |        0|  16|   8|    0|    32|   16|     1|          512|
    |conv_layer_weights_V_1_2_U   |conv_layer_weights_V_1_2   |        0|  16|   8|    0|    32|   16|     1|          512|
    |conv_layer_weights_V_1_3_U   |conv_layer_weights_V_1_3   |        0|  17|   9|    0|    32|   17|     1|          544|
    |conv_layer_weights_V_1_4_U   |conv_layer_weights_V_1_4   |        0|  17|   9|    0|    32|   17|     1|          544|
    |conv_layer_weights_V_1_5_U   |conv_layer_weights_V_1_5   |        0|  16|   8|    0|    32|   16|     1|          512|
    |conv_layer_weights_V_1_6_U   |conv_layer_weights_V_1_6   |        0|  16|   8|    0|    32|   16|     1|          512|
    |conv_layer_weights_V_1_7_U   |conv_layer_weights_V_1_7   |        0|  16|   8|    0|    32|   16|     1|          512|
    |conv_layer_weights_V_1_8_U   |conv_layer_weights_V_1_8   |        0|  17|   9|    0|    32|   17|     1|          544|
    |conv_layer_weights_V_1_9_U   |conv_layer_weights_V_1_9   |        0|  17|   9|    0|    32|   17|     1|          544|
    |conv_layer_weights_V_2_0_U   |conv_layer_weights_V_2_0   |        0|  17|   9|    0|    32|   17|     1|          544|
    |conv_layer_weights_V_2_1_U   |conv_layer_weights_V_2_1   |        0|  16|   8|    0|    32|   16|     1|          512|
    |conv_layer_weights_V_2_10_U  |conv_layer_weights_V_2_10  |        0|  16|   8|    0|    32|   16|     1|          512|
    |conv_layer_weights_V_2_11_U  |conv_layer_weights_V_2_11  |        0|  16|   8|    0|    32|   16|     1|          512|
    |conv_layer_weights_V_2_12_U  |conv_layer_weights_V_2_12  |        0|  17|   9|    0|    32|   17|     1|          544|
    |conv_layer_weights_V_2_13_U  |conv_layer_weights_V_2_13  |        0|  16|   8|    0|    32|   16|     1|          512|
    |conv_layer_weights_V_2_14_U  |conv_layer_weights_V_2_14  |        0|  16|   8|    0|    32|   16|     1|          512|
    |conv_layer_weights_V_2_15_U  |conv_layer_weights_V_2_15  |        0|  17|   9|    0|    32|   17|     1|          544|
    |conv_layer_weights_V_2_2_U   |conv_layer_weights_V_2_2   |        0|  16|   8|    0|    32|   16|     1|          512|
    |conv_layer_weights_V_2_3_U   |conv_layer_weights_V_2_3   |        0|  16|   8|    0|    32|   16|     1|          512|
    |conv_layer_weights_V_2_4_U   |conv_layer_weights_V_2_4   |        0|  17|   9|    0|    32|   17|     1|          544|
    |conv_layer_weights_V_2_5_U   |conv_layer_weights_V_2_5   |        0|  16|   8|    0|    32|   16|     1|          512|
    |conv_layer_weights_V_2_6_U   |conv_layer_weights_V_2_6   |        0|  16|   8|    0|    32|   16|     1|          512|
    |conv_layer_weights_V_2_7_U   |conv_layer_weights_V_2_7   |        0|  16|   8|    0|    32|   16|     1|          512|
    |conv_layer_weights_V_2_8_U   |conv_layer_weights_V_2_8   |        0|  17|   9|    0|    32|   17|     1|          544|
    |conv_layer_weights_V_2_9_U   |conv_layer_weights_V_2_9   |        0|  17|   9|    0|    32|   17|     1|          544|
    |fc1_layer_bias_V_U           |fc1_layer_bias_V           |        1|   0|   0|    0|    64|   16|     1|         1024|
    |fc1_layer_weights_V_0_U      |fc1_layer_weights_V_0      |        1|   0|   0|    0|    64|   19|     1|         1216|
    |fc1_layer_weights_V_1_U      |fc1_layer_weights_V_1      |        1|   0|   0|    0|    64|   18|     1|         1152|
    |fc1_layer_weights_V_10_U     |fc1_layer_weights_V_10     |        1|   0|   0|    0|    64|   19|     1|         1216|
    |fc1_layer_weights_V_11_U     |fc1_layer_weights_V_11     |        1|   0|   0|    0|    64|   18|     1|         1152|
    |fc1_layer_weights_V_12_U     |fc1_layer_weights_V_12     |        1|   0|   0|    0|    64|   17|     1|         1088|
    |fc1_layer_weights_V_13_U     |fc1_layer_weights_V_13     |        1|   0|   0|    0|    64|   18|     1|         1152|
    |fc1_layer_weights_V_14_U     |fc1_layer_weights_V_14     |        0|  15|  15|    0|    64|   15|     1|          960|
    |fc1_layer_weights_V_15_U     |fc1_layer_weights_V_15     |        0|  15|  15|    0|    64|   15|     1|          960|
    |fc1_layer_weights_V_16_U     |fc1_layer_weights_V_16     |        1|   0|   0|    0|    64|   18|     1|         1152|
    |fc1_layer_weights_V_17_U     |fc1_layer_weights_V_17     |        0|  15|  15|    0|    64|   15|     1|          960|
    |fc1_layer_weights_V_18_U     |fc1_layer_weights_V_18     |        1|   0|   0|    0|    64|   18|     1|         1152|
    |fc1_layer_weights_V_19_U     |fc1_layer_weights_V_19     |        1|   0|   0|    0|    64|   18|     1|         1152|
    |fc1_layer_weights_V_2_U      |fc1_layer_weights_V_2      |        1|   0|   0|    0|    64|   17|     1|         1088|
    |fc1_layer_weights_V_20_U     |fc1_layer_weights_V_20     |        1|   0|   0|    0|    64|   18|     1|         1152|
    |fc1_layer_weights_V_21_U     |fc1_layer_weights_V_21     |        1|   0|   0|    0|    64|   17|     1|         1088|
    |fc1_layer_weights_V_22_U     |fc1_layer_weights_V_22     |        1|   0|   0|    0|    64|   17|     1|         1088|
    |fc1_layer_weights_V_23_U     |fc1_layer_weights_V_23     |        1|   0|   0|    0|    64|   19|     1|         1216|
    |fc1_layer_weights_V_24_U     |fc1_layer_weights_V_24     |        1|   0|   0|    0|    64|   17|     1|         1088|
    |fc1_layer_weights_V_25_U     |fc1_layer_weights_V_25     |        1|   0|   0|    0|    64|   17|     1|         1088|
    |fc1_layer_weights_V_26_U     |fc1_layer_weights_V_26     |        1|   0|   0|    0|    64|   16|     1|         1024|
    |fc1_layer_weights_V_27_U     |fc1_layer_weights_V_27     |        1|   0|   0|    0|    64|   18|     1|         1152|
    |fc1_layer_weights_V_28_U     |fc1_layer_weights_V_28     |        1|   0|   0|    0|    64|   18|     1|         1152|
    |fc1_layer_weights_V_29_U     |fc1_layer_weights_V_29     |        0|  15|  15|    0|    64|   15|     1|          960|
    |fc1_layer_weights_V_3_U      |fc1_layer_weights_V_3      |        1|   0|   0|    0|    64|   18|     1|         1152|
    |fc1_layer_weights_V_30_U     |fc1_layer_weights_V_30     |        1|   0|   0|    0|    64|   19|     1|         1216|
    |fc1_layer_weights_V_31_U     |fc1_layer_weights_V_31     |        1|   0|   0|    0|    64|   18|     1|         1152|
    |fc1_layer_weights_V_4_U      |fc1_layer_weights_V_4      |        1|   0|   0|    0|    64|   19|     1|         1216|
    |fc1_layer_weights_V_5_U      |fc1_layer_weights_V_5      |        0|  15|  15|    0|    64|   15|     1|          960|
    |fc1_layer_weights_V_6_U      |fc1_layer_weights_V_6      |        1|   0|   0|    0|    64|   18|     1|         1152|
    |fc1_layer_weights_V_7_U      |fc1_layer_weights_V_7      |        1|   0|   0|    0|    64|   18|     1|         1152|
    |fc1_layer_weights_V_8_U      |fc1_layer_weights_V_8      |        1|   0|   0|    0|    64|   18|     1|         1152|
    |fc1_layer_weights_V_9_U      |fc1_layer_weights_V_9      |        1|   0|   0|    0|    64|   18|     1|         1152|
    |fc1_out_V_U                  |fc1_out_V                  |       30|   0|   0|    0|    64|   19|     1|         1216|
    |pool1_out_V_U                |pool1_out_V                |        0|  38|  10|    0|    32|   19|     1|          608|
    |window_V_U                   |window_V                   |        2|   0|   0|    0|   112|   20|     1|         2240|
    +-----------------------------+---------------------------+---------+----+----+-----+------+-----+------+-------------+
    |Total                        |                           |       68| 914| 494|    0|  4048| 1452|    86|        69472|
    +-----------------------------+---------------------------+---------+----+----+-----+------+-----+------+-------------+

    * FIFO: 
    N/A

    * Expression: 
    +------------------------------------+----------+----+---+----+------------+------------+
    |            Variable Name           | Operation| DSP| FF| LUT| Bitwidth P0| Bitwidth P1|
    +------------------------------------+----------+----+---+----+------------+------------+
    |a_V_1_fu_6244_p2                    |         +|   0|  0|  27|          20|          20|
    |a_V_2_fu_8980_p2                    |         +|   0|  0|  27|          20|          20|
    |a_V_fu_5128_p2                      |         +|   0|  0|  27|          20|          20|
    |add_ln1144_1_fu_5218_p2             |         +|   0|  0|  15|           8|           1|
    |add_ln1144_2_fu_5229_p2             |         +|   0|  0|  15|           8|           2|
    |add_ln1144_3_fu_5240_p2             |         +|   0|  0|  15|           8|           2|
    |add_ln1144_4_fu_5251_p2             |         +|   0|  0|  15|           8|           3|
    |add_ln1144_fu_5207_p2               |         +|   0|  0|  15|           8|           8|
    |add_ln1192_100_fu_7908_p2           |         +|   0|  0|  43|          36|          36|
    |add_ln1192_101_fu_7934_p2           |         +|   0|  0|  43|          36|          36|
    |add_ln1192_102_fu_7957_p2           |         +|   0|  0|  43|          36|          36|
    |add_ln1192_103_fu_7980_p2           |         +|   0|  0|  43|          36|          36|
    |add_ln1192_104_fu_8005_p2           |         +|   0|  0|  43|          36|          36|
    |add_ln1192_105_fu_8032_p2           |         +|   0|  0|  43|          36|          36|
    |add_ln1192_106_fu_8058_p2           |         +|   0|  0|  43|          36|          36|
    |add_ln1192_107_fu_8085_p2           |         +|   0|  0|  43|          36|          36|
    |add_ln1192_108_fu_8111_p2           |         +|   0|  0|  43|          36|          36|
    |add_ln1192_109_fu_8138_p2           |         +|   0|  0|  43|          36|          36|
    |add_ln1192_110_fu_8161_p2           |         +|   0|  0|  43|          36|          36|
    |add_ln1192_111_fu_8184_p2           |         +|   0|  0|  43|          36|          36|
    |add_ln1192_112_fu_8209_p2           |         +|   0|  0|  43|          36|          36|
    |add_ln1192_113_fu_8233_p2           |         +|   0|  0|  43|          36|          36|
    |add_ln1192_114_fu_8258_p2           |         +|   0|  0|  43|          36|          36|
    |add_ln1192_115_fu_8282_p2           |         +|   0|  0|  43|          36|          36|
    |add_ln1192_116_fu_8307_p2           |         +|   0|  0|  43|          36|          36|
    |add_ln1192_117_fu_8331_p2           |         +|   0|  0|  43|          36|          36|
    |add_ln1192_118_fu_8359_p2           |         +|   0|  0|  43|          36|          36|
    |add_ln1192_119_fu_8386_p2           |         +|   0|  0|  43|          36|          36|
    |add_ln1192_120_fu_8409_p2           |         +|   0|  0|  43|          36|          36|
    |add_ln1192_121_fu_8435_p2           |         +|   0|  0|  43|          36|          36|
    |add_ln1192_122_fu_8461_p2           |         +|   0|  0|  43|          36|          36|
    |add_ln1192_123_fu_8506_p2           |         +|   0|  0|  43|          36|          36|
    |add_ln1192_124_fu_8529_p2           |         +|   0|  0|  43|          36|          36|
    |add_ln1192_125_fu_8555_p2           |         +|   0|  0|  43|          36|          36|
    |add_ln1192_126_fu_8581_p2           |         +|   0|  0|  43|          36|          36|
    |add_ln1192_127_fu_8605_p2           |         +|   0|  0|  43|          36|          36|
    |add_ln1192_128_fu_8630_p2           |         +|   0|  0|  43|          36|          36|
    |add_ln1192_129_fu_8657_p2           |         +|   0|  0|  43|          36|          36|
    |add_ln1192_130_fu_8683_p2           |         +|   0|  0|  43|          36|          36|
    |add_ln1192_131_fu_8710_p2           |         +|   0|  0|  43|          36|          36|
    |add_ln1192_132_fu_8736_p2           |         +|   0|  0|  43|          36|          36|
    |add_ln1192_133_fu_8760_p2           |         +|   0|  0|  43|          36|          36|
    |add_ln1192_134_fu_8785_p2           |         +|   0|  0|  43|          36|          36|
    |add_ln1192_135_fu_8812_p2           |         +|   0|  0|  43|          36|          36|
    |add_ln1192_136_fu_8835_p2           |         +|   0|  0|  43|          36|          36|
    |add_ln1192_137_fu_8861_p2           |         +|   0|  0|  43|          36|          36|
    |add_ln1192_138_fu_8887_p2           |         +|   0|  0|  43|          36|          36|
    |add_ln1192_139_fu_8914_p2           |         +|   0|  0|  43|          36|          36|
    |add_ln1192_140_fu_8940_p2           |         +|   0|  0|  43|          36|          36|
    |add_ln1192_22_fu_6042_p2            |         +|   0|  0|  43|          36|          36|
    |add_ln1192_29_fu_6198_p2            |         +|   0|  0|  43|          36|          36|
    |add_ln1192_3_fu_5625_p2             |         +|   0|  0|  43|          36|          36|
    |add_ln1192_78_fu_6578_p2            |         +|   0|  0|  43|          36|          36|
    |add_ln1192_79_fu_6604_p2            |         +|   0|  0|  43|          36|          36|
    |add_ln1192_80_fu_6899_p2            |         +|   0|  0|  43|          36|          36|
    |add_ln1192_81_fu_6925_p2            |         +|   0|  0|  43|          36|          36|
    |add_ln1192_82_fu_7203_p2            |         +|   0|  0|  43|          36|          36|
    |add_ln1192_83_fu_7229_p2            |         +|   0|  0|  43|          36|          36|
    |add_ln1192_84_fu_7527_p2            |         +|   0|  0|  43|          36|          36|
    |add_ln1192_85_fu_7551_p2            |         +|   0|  0|  43|          36|          36|
    |add_ln1192_86_fu_7573_p2            |         +|   0|  0|  43|          36|          36|
    |add_ln1192_87_fu_7596_p2            |         +|   0|  0|  43|          36|          36|
    |add_ln1192_88_fu_7621_p2            |         +|   0|  0|  43|          36|          36|
    |add_ln1192_89_fu_7648_p2            |         +|   0|  0|  43|          36|          36|
    |add_ln1192_90_fu_7674_p2            |         +|   0|  0|  43|          36|          36|
    |add_ln1192_91_fu_7701_p2            |         +|   0|  0|  43|          36|          36|
    |add_ln1192_92_fu_7724_p2            |         +|   0|  0|  43|          36|          36|
    |add_ln1192_93_fu_7747_p2            |         +|   0|  0|  43|          36|          36|
    |add_ln1192_94_fu_7769_p2            |         +|   0|  0|  43|          36|          36|
    |add_ln1192_95_fu_7792_p2            |         +|   0|  0|  43|          36|          36|
    |add_ln1192_96_fu_7814_p2            |         +|   0|  0|  43|          36|          36|
    |add_ln1192_97_fu_7837_p2            |         +|   0|  0|  43|          36|          36|
    |add_ln1192_98_fu_7862_p2            |         +|   0|  0|  43|          36|          36|
    |add_ln1192_99_fu_7886_p2            |         +|   0|  0|  43|          36|          36|
    |add_ln1192_9_fu_5760_p2             |         +|   0|  0|  43|          36|          36|
    |add_ln13_1_fu_6250_p2               |         +|   0|  0|  26|          19|          19|
    |add_ln13_2_fu_8986_p2               |         +|   0|  0|  26|          19|          19|
    |add_ln13_fu_5134_p2                 |         +|   0|  0|  26|          19|          19|
    |add_ln17_1_fu_3309_p2               |         +|   0|  0|  14|           7|           1|
    |add_ln17_fu_3321_p2                 |         +|   0|  0|  11|           3|           1|
    |add_ln18_fu_3369_p2                 |         +|   0|  0|  13|           5|           1|
    |add_ln20_fu_3385_p2                 |         +|   0|  0|  14|           7|           7|
    |add_ln22_fu_3405_p2                 |         +|   0|  0|  14|           7|           7|
    |add_ln27_1_fu_3420_p2               |         +|   0|  0|  15|           8|           1|
    |add_ln27_fu_3432_p2                 |         +|   0|  0|  14|           6|           1|
    |add_ln35_1_fu_5165_p2               |         +|   0|  0|  19|           8|           8|
    |add_ln35_fu_5156_p2                 |         +|   0|  0|  19|           8|           8|
    |add_ln49_fu_5183_p2                 |         +|   0|  0|  14|           6|           1|
    |add_ln65_fu_5507_p2                 |         +|   0|  0|  14|           7|           1|
    |add_ln703_1_fu_5382_p2              |         +|   0|  0|  25|          18|          18|
    |add_ln703_2_fu_5392_p2              |         +|   0|  0|  19|          19|          19|
    |add_ln703_3_fu_5398_p2              |         +|   0|  0|  19|          19|          19|
    |add_ln703_fu_5372_p2                |         +|   0|  0|  25|          18|          18|
    |add_ln78_fu_6269_p2                 |         +|   0|  0|  10|           2|           1|
    |empty_37_fu_3794_p2                 |         +|   0|  0|  11|           3|           1|
    |empty_38_fu_4155_p2                 |         +|   0|  0|  11|           3|           2|
    |ap_block_pp0_stage0_11001           |       and|   0|  0|   2|           1|           1|
    |ap_block_pp4_stage3_01001           |       and|   0|  0|   2|           1|           1|
    |ap_block_state156_pp4_stage3_iter8  |       and|   0|  0|   2|           1|           1|
    |ap_block_state4_pp0_stage0_iter2    |       and|   0|  0|   2|           1|           1|
    |ap_predicate_op206_read_state4      |       and|   0|  0|   2|           1|           1|
    |cmp2_i120_fu_3347_p2                |      icmp|   0|  0|   8|           3|           3|
    |cmp2_i_mid1_fu_3341_p2              |      icmp|   0|  0|   8|           3|           3|
    |icmp_ln1494_1_fu_6256_p2            |      icmp|   0|  0|  14|          20|           1|
    |icmp_ln1494_2_fu_8992_p2            |      icmp|   0|  0|  14|          20|           1|
    |icmp_ln1494_fu_5140_p2              |      icmp|   0|  0|  14|          20|           1|
    |icmp_ln17_fu_3315_p2                |      icmp|   0|  0|  10|           7|           7|
    |icmp_ln18_fu_3327_p2                |      icmp|   0|  0|  10|           5|           6|
    |icmp_ln27_fu_3426_p2                |      icmp|   0|  0|  11|           8|           8|
    |icmp_ln28_fu_3438_p2                |      icmp|   0|  0|   8|           3|           3|
    |icmp_ln49_fu_5189_p2                |      icmp|   0|  0|  10|           6|           7|
    |icmp_ln65_fu_5513_p2                |      icmp|   0|  0|  11|           7|           8|
    |icmp_ln78_fu_6275_p2                |      icmp|   0|  0|   8|           2|           3|
    |or_ln32_10_fu_3672_p2               |        or|   0|  0|   7|           7|           4|
    |or_ln32_11_fu_3706_p2               |        or|   0|  0|   7|           7|           4|
    |or_ln32_12_fu_3716_p2               |        or|   0|  0|   7|           7|           4|
    |or_ln32_13_fu_3750_p2               |        or|   0|  0|   7|           7|           4|
    |or_ln32_14_fu_3760_p2               |        or|   0|  0|   7|           7|           4|
    |or_ln32_15_fu_3812_p2               |        or|   0|  0|   7|           7|           1|
    |or_ln32_16_fu_3847_p2               |        or|   0|  0|   7|           7|           2|
    |or_ln32_17_fu_3857_p2               |        or|   0|  0|   7|           7|           2|
    |or_ln32_18_fu_3891_p2               |        or|   0|  0|   7|           7|           3|
    |or_ln32_19_fu_3901_p2               |        or|   0|  0|   7|           7|           3|
    |or_ln32_1_fu_3520_p2                |        or|   0|  0|   7|           7|           2|
    |or_ln32_20_fu_3935_p2               |        or|   0|  0|   7|           7|           3|
    |or_ln32_21_fu_3945_p2               |        or|   0|  0|   7|           7|           3|
    |or_ln32_22_fu_3979_p2               |        or|   0|  0|   7|           7|           4|
    |or_ln32_23_fu_3989_p2               |        or|   0|  0|   7|           7|           4|
    |or_ln32_24_fu_4023_p2               |        or|   0|  0|   7|           7|           4|
    |or_ln32_25_fu_4033_p2               |        or|   0|  0|   7|           7|           4|
    |or_ln32_26_fu_4067_p2               |        or|   0|  0|   7|           7|           4|
    |or_ln32_27_fu_4077_p2               |        or|   0|  0|   7|           7|           4|
    |or_ln32_28_fu_4111_p2               |        or|   0|  0|   7|           7|           4|
    |or_ln32_29_fu_4121_p2               |        or|   0|  0|   7|           7|           4|
    |or_ln32_2_fu_3530_p2                |        or|   0|  0|   7|           7|           2|
    |or_ln32_30_fu_4173_p2               |        or|   0|  0|   7|           7|           1|
    |or_ln32_31_fu_4208_p2               |        or|   0|  0|   7|           7|           2|
    |or_ln32_32_fu_4218_p2               |        or|   0|  0|   7|           7|           2|
    |or_ln32_33_fu_4251_p2               |        or|   0|  0|   7|           7|           3|
    |or_ln32_34_fu_4261_p2               |        or|   0|  0|   7|           7|           3|
    |or_ln32_35_fu_4295_p2               |        or|   0|  0|   7|           7|           3|
    |or_ln32_36_fu_4305_p2               |        or|   0|  0|   7|           7|           3|
    |or_ln32_37_fu_4338_p2               |        or|   0|  0|   7|           7|           4|
    |or_ln32_38_fu_4348_p2               |        or|   0|  0|   7|           7|           4|
    |or_ln32_39_fu_4382_p2               |        or|   0|  0|   7|           7|           4|
    |or_ln32_3_fu_3547_p2                |        or|   0|  0|   7|           7|           3|
    |or_ln32_40_fu_4392_p2               |        or|   0|  0|   7|           7|           4|
    |or_ln32_41_fu_4425_p2               |        or|   0|  0|   7|           7|           4|
    |or_ln32_42_fu_4435_p2               |        or|   0|  0|   7|           7|           4|
    |or_ln32_43_fu_5019_p2               |        or|   0|  0|   7|           7|           4|
    |or_ln32_44_fu_5029_p2               |        or|   0|  0|   7|           7|           4|
    |or_ln32_4_fu_3557_p2                |        or|   0|  0|   7|           7|           3|
    |or_ln32_5_fu_3574_p2                |        or|   0|  0|   7|           7|           3|
    |or_ln32_6_fu_3584_p2                |        or|   0|  0|   7|           7|           3|
    |or_ln32_7_fu_3618_p2                |        or|   0|  0|   7|           7|           4|
    |or_ln32_8_fu_3628_p2                |        or|   0|  0|   7|           7|           4|
    |or_ln32_9_fu_3662_p2                |        or|   0|  0|   7|           7|           4|
    |or_ln32_fu_3501_p2                  |        or|   0|  0|   7|           7|           1|
    |mul_ln1118_10_fu_6493_p00           |    select|   0|  0|  16|           1|          16|
    |mul_ln1118_11_fu_6510_p00           |    select|   0|  0|  15|           1|          15|
    |mul_ln1118_12_fu_6527_p00           |    select|   0|  0|  14|           1|          14|
    |mul_ln1118_13_fu_6544_p00           |    select|   0|  0|  15|           1|          14|
    |mul_ln1118_14_fu_6716_p00           |    select|   0|  0|  15|           1|          15|
    |mul_ln1118_15_fu_6767_p00           |    select|   0|  0|  14|           1|          14|
    |mul_ln1118_16_fu_6818_p00           |    select|   0|  0|  15|           1|          13|
    |mul_ln1118_17_fu_6835_p00           |    select|   0|  0|  15|           1|          15|
    |mul_ln1118_18_fu_6852_p00           |    select|   0|  0|  15|           1|          15|
    |mul_ln1118_19_fu_6869_p00           |    select|   0|  0|  15|           1|          15|
    |mul_ln1118_20_fu_6886_p00           |    select|   0|  0|  15|           1|          15|
    |mul_ln1118_21_fu_6952_p00           |    select|   0|  0|  15|           1|          11|
    |mul_ln1118_22_fu_7003_p00           |    select|   0|  0|  15|           1|          15|
    |mul_ln1118_23_fu_7037_p00           |    select|   0|  0|  15|           1|          15|
    |mul_ln1118_24_fu_7071_p00           |    select|   0|  0|  16|           1|          16|
    |mul_ln1118_25_fu_7105_p00           |    select|   0|  0|  15|           1|          15|
    |mul_ln1118_26_fu_7122_p00           |    select|   0|  0|  15|           1|          15|
    |mul_ln1118_27_fu_7156_p00           |    select|   0|  0|  15|           1|          15|
    |mul_ln1118_28_fu_7173_p00           |    select|   0|  0|  13|           1|          13|
    |mul_ln1118_30_fu_7256_p00           |    select|   0|  0|  15|           1|          15|
    |mul_ln1118_31_fu_7273_p00           |    select|   0|  0|  15|           1|          15|
    |mul_ln1118_32_fu_7307_p00           |    select|   0|  0|  14|           1|          14|
    |mul_ln1118_33_fu_7324_p00           |    select|   0|  0|  14|           1|          12|
    |mul_ln1118_34_fu_7341_p00           |    select|   0|  0|  15|           1|          14|
    |mul_ln1118_35_fu_7358_p00           |    select|   0|  0|  16|           1|          16|
    |mul_ln1118_36_fu_7375_p00           |    select|   0|  0|  15|           1|          15|
    |mul_ln1118_37_fu_7409_p00           |    select|   0|  0|  15|           1|          14|
    |mul_ln1118_38_fu_7426_p00           |    select|   0|  0|  15|           1|          15|
    |mul_ln1118_39_fu_7460_p00           |    select|   0|  0|  15|           1|          15|
    |mul_ln1118_40_fu_7477_p00           |    select|   0|  0|  16|           1|          16|
    |mul_ln1118_41_fu_7494_p00           |    select|   0|  0|  16|           1|          16|
    |mul_ln1118_42_fu_7511_p00           |    select|   0|  0|  16|           1|          16|
    |mul_ln1118_5_fu_6296_p00            |    select|   0|  0|  14|           1|          14|
    |mul_ln1118_6_fu_6340_p00            |    select|   0|  0|  16|           1|          16|
    |mul_ln1118_7_fu_6374_p00            |    select|   0|  0|  15|           1|          14|
    |mul_ln1118_8_fu_6408_p00            |    select|   0|  0|  16|           1|          16|
    |mul_ln1118_9_fu_6425_p00            |    select|   0|  0|  16|           1|          16|
    |mul_ln1192_41_fu_6631_p00           |    select|   0|  0|  18|           1|          15|
    |mul_ln1192_42_fu_7054_p00           |    select|   0|  0|  18|           1|          17|
    |mul_ln1192_43_fu_7088_p00           |    select|   0|  0|  18|           1|          18|
    |mul_ln1192_44_fu_7392_p00           |    select|   0|  0|  18|           1|          11|
    |mul_ln703_32_fu_6323_p00            |    select|   0|  0|  17|           1|          17|
    |mul_ln703_33_fu_6357_p00            |    select|   0|  0|  17|           1|          14|
    |mul_ln703_34_fu_6391_p00            |    select|   0|  0|  17|           1|          17|
    |mul_ln703_35_fu_6442_p00            |    select|   0|  0|  17|           1|          16|
    |mul_ln703_36_fu_6459_p00            |    select|   0|  0|  16|           1|          16|
    |mul_ln703_37_fu_6476_p00            |    select|   0|  0|  17|           1|          17|
    |mul_ln703_38_fu_6561_p00            |    select|   0|  0|  17|           1|          17|
    |mul_ln703_39_fu_6648_p00            |    select|   0|  0|  17|           1|          17|
    |mul_ln703_40_fu_6665_p00            |    select|   0|  0|  17|           1|          16|
    |mul_ln703_41_fu_6682_p00            |    select|   0|  0|  16|           1|          16|
    |mul_ln703_42_fu_6699_p00            |    select|   0|  0|  17|           1|          17|
    |mul_ln703_43_fu_6733_p00            |    select|   0|  0|  17|           1|          17|
    |mul_ln703_44_fu_6750_p00            |    select|   0|  0|  17|           1|          15|
    |mul_ln703_45_fu_6784_p00            |    select|   0|  0|  16|           1|          15|
    |mul_ln703_46_fu_6801_p00            |    select|   0|  0|  17|           1|          15|
    |mul_ln703_47_fu_6969_p00            |    select|   0|  0|  17|           1|          17|
    |mul_ln703_48_fu_6986_p00            |    select|   0|  0|  17|           1|          17|
    |mul_ln703_49_fu_7020_p00            |    select|   0|  0|  17|           1|          14|
    |mul_ln703_50_fu_7139_p00            |    select|   0|  0|  17|           1|          15|
    |mul_ln703_51_fu_7190_p00            |    select|   0|  0|  17|           1|          15|
    |mul_ln703_52_fu_7290_p00            |    select|   0|  0|  17|           1|          17|
    |mul_ln703_53_fu_7443_p00            |    select|   0|  0|  17|           1|          17|
    |select_ln1118_24_fu_8478_p3         |    select|   0|  0|  33|           1|          33|
    |select_ln15_1_fu_6262_p3            |    select|   0|  0|  19|           1|          19|
    |select_ln15_2_fu_8997_p3            |    select|   0|  0|  19|           1|          19|
    |select_ln15_fu_5176_p3              |    select|   0|  0|  19|           1|          19|
    |select_ln17_1_fu_3353_p3            |    select|   0|  0|   2|           1|           1|
    |select_ln17_2_fu_3361_p3            |    select|   0|  0|   3|           1|           3|
    |select_ln17_fu_3333_p3              |    select|   0|  0|   5|           1|           1|
    |select_ln27_2_fu_3452_p3            |    select|   0|  0|   6|           1|           6|
    |select_ln27_fu_3444_p3              |    select|   0|  0|   3|           1|           1|
    |select_ln703_22_fu_8956_p3          |    select|   0|  0|  14|           1|          14|
    |select_ln703_23_fu_8973_p3          |    select|   0|  0|  14|           1|          14|
    |ap_enable_pp0                       |       xor|   0|  0|   2|           1|           2|
    |ap_enable_pp1                       |       xor|   0|  0|   2|           1|           2|
    |ap_enable_pp2                       |       xor|   0|  0|   2|           1|           2|
    |ap_enable_pp3                       |       xor|   0|  0|   2|           1|           2|
    |ap_enable_pp4                       |       xor|   0|  0|   2|           1|           2|
    |ap_enable_reg_pp0_iter1             |       xor|   0|  0|   2|           2|           1|
    |ap_enable_reg_pp2_iter1             |       xor|   0|  0|   2|           2|           1|
    |ap_enable_reg_pp3_iter1             |       xor|   0|  0|   2|           2|           1|
    |xor_ln22_fu_3396_p2                 |       xor|   0|  0|   6|           5|           6|
    +------------------------------------+----------+----+---+----+------------+------------+
    |Total                               |          |   0|  0|5006|        3237|        3972|
    +------------------------------------+----------+----+---+----+------------+------------+

    * Multiplexer: 
    +--------------------------------------------+-----+-----------+-----+-----------+
    |                    Name                    | LUT | Input Size| Bits| Total Bits|
    +--------------------------------------------+-----+-----------+-----+-----------+
    |ap_NS_fsm                                   |  233|         54|    1|         54|
    |ap_enable_reg_pp0_iter1                     |    9|          2|    1|          2|
    |ap_enable_reg_pp0_iter3                     |    9|          2|    1|          2|
    |ap_enable_reg_pp1_iter2                     |    9|          2|    1|          2|
    |ap_enable_reg_pp2_iter1                     |    9|          2|    1|          2|
    |ap_enable_reg_pp2_iter4                     |    9|          2|    1|          2|
    |ap_enable_reg_pp3_iter1                     |    9|          2|    1|          2|
    |ap_enable_reg_pp3_iter35                    |    9|          2|    1|          2|
    |ap_enable_reg_pp4_iter8                     |    9|          2|    1|          2|
    |ap_phi_mux_channel_offset_phi_fu_3162_p4    |    9|          2|    3|          6|
    |ap_phi_mux_filter_phi_fu_3151_p4            |    9|          2|    6|         12|
    |ap_phi_mux_i_2_phi_fu_3196_p4               |    9|          2|    2|          4|
    |ap_phi_mux_i_phi_fu_3173_p4                 |    9|          2|    6|         12|
    |ap_phi_mux_indvar_flatten56_phi_fu_3140_p4  |    9|          2|    8|         16|
    |ap_phi_mux_m_phi_fu_3108_p4                 |    9|          2|    3|          6|
    |ap_phi_reg_pp0_iter3_storemerge_reg_3126    |   14|          3|   20|         60|
    |channel_offset_reg_3158                     |    9|          2|    3|          6|
    |conv1_out_V_address0                        |   20|          4|    8|         32|
    |conv1_out_V_d0                              |   14|          3|   19|         57|
    |datain_blk_n                                |    9|          2|    1|          2|
    |fc1_out_V_address0                          |   37|          7|    6|         42|
    |fc1_out_V_address1                          |   25|          5|    6|         30|
    |fc1_out_V_address10                         |   25|          5|    6|         30|
    |fc1_out_V_address11                         |   25|          5|    6|         30|
    |fc1_out_V_address12                         |   25|          5|    6|         30|
    |fc1_out_V_address13                         |   25|          5|    6|         30|
    |fc1_out_V_address14                         |   25|          5|    6|         30|
    |fc1_out_V_address15                         |   25|          5|    6|         30|
    |fc1_out_V_address2                          |   25|          5|    6|         30|
    |fc1_out_V_address3                          |   25|          5|    6|         30|
    |fc1_out_V_address4                          |   25|          5|    6|         30|
    |fc1_out_V_address5                          |   25|          5|    6|         30|
    |fc1_out_V_address6                          |   25|          5|    6|         30|
    |fc1_out_V_address7                          |   25|          5|    6|         30|
    |fc1_out_V_address8                          |   25|          5|    6|         30|
    |fc1_out_V_address9                          |   25|          5|    6|         30|
    |fc1_out_V_d0                                |   14|          3|   19|         57|
    |filter_reg_3147                             |    9|          2|    6|         12|
    |i_1_reg_3181                                |    9|          2|    7|         14|
    |i_2_reg_3192                                |    9|          2|    2|          4|
    |i_reg_3169                                  |    9|          2|    6|         12|
    |indvar_flatten56_reg_3136                   |    9|          2|    8|         16|
    |indvar_flatten_reg_3093                     |    9|          2|    7|         14|
    |m_reg_3104                                  |    9|          2|    3|          6|
    |n_reg_3115                                  |    9|          2|    5|         10|
    |op_out_blk_n                                |    9|          2|    1|          2|
    |pool1_out_V_address0                        |   93|         19|    5|         95|
    |pool1_out_V_address1                        |   81|         17|    5|         85|
    |pool1_out_V_d0                              |   14|          3|   19|         57|
    |reg_3203                                    |    9|          2|   20|         40|
    |reg_3209                                    |    9|          2|   20|         40|
    |reg_3214                                    |    9|          2|   20|         40|
    |reg_3219                                    |    9|          2|   20|         40|
    |reg_3224                                    |    9|          2|   20|         40|
    |reg_3229                                    |    9|          2|   20|         40|
    |reg_3234                                    |    9|          2|   20|         40|
    |reg_3239                                    |    9|          2|   20|         40|
    |reg_3300                                    |    9|          2|   19|         38|
    |window_V_address0                           |  117|         26|    7|        182|
    |window_V_address1                           |  117|         26|    7|        182|
    +--------------------------------------------+-----+-----------+-----+-----------+
    |Total                                       | 1435|        308|  470|       1881|
    +--------------------------------------------+-----+-----------+-----+-----------+

    * Register: 
    +------------------------------------------+-----+----+-----+-----------+
    |                   Name                   |  FF | LUT| Bits| Const Bits|
    +------------------------------------------+-----+----+-----+-----------+
    |a_V_2_reg_13386                           |   20|   0|   20|          0|
    |add_ln13_1_reg_12501                      |   19|   0|   19|          0|
    |add_ln13_2_reg_13391                      |   19|   0|   19|          0|
    |add_ln13_reg_11381                        |   19|   0|   19|          0|
    |add_ln27_1_reg_9719                       |    8|   0|    8|          0|
    |add_ln49_reg_11391                        |    6|   0|    6|          0|
    |add_ln703_3_reg_11475                     |   19|   0|   19|          0|
    |add_ln78_reg_12826                        |    2|   0|    2|          0|
    |ap_CS_fsm                                 |   53|   0|   53|          0|
    |ap_enable_reg_pp0_iter0                   |    1|   0|    1|          0|
    |ap_enable_reg_pp0_iter1                   |    1|   0|    1|          0|
    |ap_enable_reg_pp0_iter2                   |    1|   0|    1|          0|
    |ap_enable_reg_pp0_iter3                   |    1|   0|    1|          0|
    |ap_enable_reg_pp1_iter0                   |    1|   0|    1|          0|
    |ap_enable_reg_pp1_iter1                   |    1|   0|    1|          0|
    |ap_enable_reg_pp1_iter2                   |    1|   0|    1|          0|
    |ap_enable_reg_pp2_iter0                   |    1|   0|    1|          0|
    |ap_enable_reg_pp2_iter1                   |    1|   0|    1|          0|
    |ap_enable_reg_pp2_iter2                   |    1|   0|    1|          0|
    |ap_enable_reg_pp2_iter3                   |    1|   0|    1|          0|
    |ap_enable_reg_pp2_iter4                   |    1|   0|    1|          0|
    |ap_enable_reg_pp3_iter0                   |    1|   0|    1|          0|
    |ap_enable_reg_pp3_iter1                   |    1|   0|    1|          0|
    |ap_enable_reg_pp3_iter10                  |    1|   0|    1|          0|
    |ap_enable_reg_pp3_iter11                  |    1|   0|    1|          0|
    |ap_enable_reg_pp3_iter12                  |    1|   0|    1|          0|
    |ap_enable_reg_pp3_iter13                  |    1|   0|    1|          0|
    |ap_enable_reg_pp3_iter14                  |    1|   0|    1|          0|
    |ap_enable_reg_pp3_iter15                  |    1|   0|    1|          0|
    |ap_enable_reg_pp3_iter16                  |    1|   0|    1|          0|
    |ap_enable_reg_pp3_iter17                  |    1|   0|    1|          0|
    |ap_enable_reg_pp3_iter18                  |    1|   0|    1|          0|
    |ap_enable_reg_pp3_iter19                  |    1|   0|    1|          0|
    |ap_enable_reg_pp3_iter2                   |    1|   0|    1|          0|
    |ap_enable_reg_pp3_iter20                  |    1|   0|    1|          0|
    |ap_enable_reg_pp3_iter21                  |    1|   0|    1|          0|
    |ap_enable_reg_pp3_iter22                  |    1|   0|    1|          0|
    |ap_enable_reg_pp3_iter23                  |    1|   0|    1|          0|
    |ap_enable_reg_pp3_iter24                  |    1|   0|    1|          0|
    |ap_enable_reg_pp3_iter25                  |    1|   0|    1|          0|
    |ap_enable_reg_pp3_iter26                  |    1|   0|    1|          0|
    |ap_enable_reg_pp3_iter27                  |    1|   0|    1|          0|
    |ap_enable_reg_pp3_iter28                  |    1|   0|    1|          0|
    |ap_enable_reg_pp3_iter29                  |    1|   0|    1|          0|
    |ap_enable_reg_pp3_iter3                   |    1|   0|    1|          0|
    |ap_enable_reg_pp3_iter30                  |    1|   0|    1|          0|
    |ap_enable_reg_pp3_iter31                  |    1|   0|    1|          0|
    |ap_enable_reg_pp3_iter32                  |    1|   0|    1|          0|
    |ap_enable_reg_pp3_iter33                  |    1|   0|    1|          0|
    |ap_enable_reg_pp3_iter34                  |    1|   0|    1|          0|
    |ap_enable_reg_pp3_iter35                  |    1|   0|    1|          0|
    |ap_enable_reg_pp3_iter4                   |    1|   0|    1|          0|
    |ap_enable_reg_pp3_iter5                   |    1|   0|    1|          0|
    |ap_enable_reg_pp3_iter6                   |    1|   0|    1|          0|
    |ap_enable_reg_pp3_iter7                   |    1|   0|    1|          0|
    |ap_enable_reg_pp3_iter8                   |    1|   0|    1|          0|
    |ap_enable_reg_pp3_iter9                   |    1|   0|    1|          0|
    |ap_enable_reg_pp4_iter0                   |    1|   0|    1|          0|
    |ap_enable_reg_pp4_iter1                   |    1|   0|    1|          0|
    |ap_enable_reg_pp4_iter2                   |    1|   0|    1|          0|
    |ap_enable_reg_pp4_iter3                   |    1|   0|    1|          0|
    |ap_enable_reg_pp4_iter4                   |    1|   0|    1|          0|
    |ap_enable_reg_pp4_iter5                   |    1|   0|    1|          0|
    |ap_enable_reg_pp4_iter6                   |    1|   0|    1|          0|
    |ap_enable_reg_pp4_iter7                   |    1|   0|    1|          0|
    |ap_enable_reg_pp4_iter8                   |    1|   0|    1|          0|
    |ap_phi_reg_pp0_iter1_storemerge_reg_3126  |   20|   0|   20|          0|
    |ap_phi_reg_pp0_iter2_storemerge_reg_3126  |   20|   0|   20|          0|
    |ap_phi_reg_pp0_iter3_storemerge_reg_3126  |   20|   0|   20|          0|
    |channel_offset_reg_3158                   |    3|   0|    3|          0|
    |conv1_out_V_load_1_reg_11430              |   19|   0|   19|          0|
    |conv1_out_V_load_2_reg_11435              |   19|   0|   19|          0|
    |conv1_out_V_load_3_reg_11440              |   19|   0|   19|          0|
    |conv1_out_V_load_4_reg_11445              |   19|   0|   19|          0|
    |conv1_out_V_load_reg_11425                |   19|   0|   19|          0|
    |conv_layer_bias_V_load_reg_11350          |   16|   0|   16|          0|
    |conv_layer_weights_V_0_10_load_reg_9969   |   16|   0|   16|          0|
    |conv_layer_weights_V_0_11_load_reg_9974   |   16|   0|   16|          0|
    |conv_layer_weights_V_0_12_load_reg_9979   |   16|   0|   16|          0|
    |conv_layer_weights_V_0_13_load_reg_9984   |   16|   0|   16|          0|
    |conv_layer_weights_V_0_14_load_reg_9989   |   16|   0|   16|          0|
    |conv_layer_weights_V_0_15_load_reg_9994   |   17|   0|   17|          0|
    |conv_layer_weights_V_0_1_load_reg_9924    |   16|   0|   16|          0|
    |conv_layer_weights_V_0_2_load_reg_9929    |   16|   0|   16|          0|
    |conv_layer_weights_V_0_3_load_reg_9934    |   16|   0|   16|          0|
    |conv_layer_weights_V_0_4_load_reg_9939    |   17|   0|   17|          0|
    |conv_layer_weights_V_0_5_load_reg_9944    |   16|   0|   16|          0|
    |conv_layer_weights_V_0_6_load_reg_9949    |   16|   0|   16|          0|
    |conv_layer_weights_V_0_7_load_reg_9954    |   16|   0|   16|          0|
    |conv_layer_weights_V_0_8_load_reg_9959    |   17|   0|   17|          0|
    |conv_layer_weights_V_0_9_load_reg_9964    |   16|   0|   16|          0|
    |conv_layer_weights_V_1_0_load_reg_9999    |   17|   0|   17|          0|
    |conv_layer_weights_V_1_10_load_reg_10880  |   17|   0|   17|          0|
    |conv_layer_weights_V_1_11_load_reg_10885  |   16|   0|   16|          0|
    |conv_layer_weights_V_1_12_load_reg_10890  |   17|   0|   17|          0|
    |conv_layer_weights_V_1_13_load_reg_10895  |   16|   0|   16|          0|
    |conv_layer_weights_V_1_14_load_reg_10900  |   16|   0|   16|          0|
    |conv_layer_weights_V_1_15_load_reg_10905  |   16|   0|   16|          0|
    |conv_layer_weights_V_1_1_load_reg_10004   |   16|   0|   16|          0|
    |conv_layer_weights_V_1_2_load_reg_10009   |   16|   0|   16|          0|
    |conv_layer_weights_V_1_3_load_reg_10014   |   17|   0|   17|          0|
    |conv_layer_weights_V_1_4_load_reg_10019   |   17|   0|   17|          0|
    |conv_layer_weights_V_1_5_load_reg_10024   |   16|   0|   16|          0|
    |conv_layer_weights_V_1_6_load_reg_10029   |   16|   0|   16|          0|
    |conv_layer_weights_V_1_7_load_reg_10034   |   16|   0|   16|          0|
    |conv_layer_weights_V_1_9_load_reg_10875   |   17|   0|   17|          0|
    |conv_layer_weights_V_2_0_load_reg_10910   |   17|   0|   17|          0|
    |conv_layer_weights_V_2_10_load_reg_10960  |   16|   0|   16|          0|
    |conv_layer_weights_V_2_11_load_reg_10965  |   16|   0|   16|          0|
    |conv_layer_weights_V_2_12_load_reg_10970  |   17|   0|   17|          0|
    |conv_layer_weights_V_2_13_load_reg_10975  |   16|   0|   16|          0|
    |conv_layer_weights_V_2_14_load_reg_10980  |   16|   0|   16|          0|
    |conv_layer_weights_V_2_1_load_reg_10915   |   16|   0|   16|          0|
    |conv_layer_weights_V_2_2_load_reg_10920   |   16|   0|   16|          0|
    |conv_layer_weights_V_2_3_load_reg_10925   |   16|   0|   16|          0|
    |conv_layer_weights_V_2_4_load_reg_10930   |   17|   0|   17|          0|
    |conv_layer_weights_V_2_5_load_reg_10935   |   16|   0|   16|          0|
    |conv_layer_weights_V_2_6_load_reg_10940   |   16|   0|   16|          0|
    |conv_layer_weights_V_2_7_load_reg_10945   |   16|   0|   16|          0|
    |conv_layer_weights_V_2_8_load_reg_10950   |   17|   0|   17|          0|
    |conv_layer_weights_V_2_9_load_reg_10955   |   17|   0|   17|          0|
    |empty_37_reg_10209                        |    3|   0|    3|          0|
    |fc1_layer_bias_V_load_reg_12495           |   16|   0|   16|          0|
    |fc1_layer_weights_V_0_load_reg_12000      |   19|   0|   19|          0|
    |fc1_layer_weights_V_10_load_reg_12145     |   19|   0|   19|          0|
    |fc1_layer_weights_V_23_load_reg_12345     |   19|   0|   19|          0|
    |fc1_layer_weights_V_30_load_reg_12455     |   19|   0|   19|          0|
    |fc1_layer_weights_V_4_load_reg_12050      |   19|   0|   19|          0|
    |fc1_out_V_load_46_reg_13070               |   19|   0|   19|          0|
    |filter_reg_3147                           |    6|   0|    6|          0|
    |i_1_cast_reg_11954                        |    7|   0|   64|         57|
    |i_1_reg_3181                              |    7|   0|    7|          0|
    |i_2_reg_3192                              |    2|   0|    2|          0|
    |i_reg_3169                                |    6|   0|    6|          0|
    |icmp_ln1494_1_reg_12506                   |    1|   0|    1|          0|
    |icmp_ln1494_reg_11386                     |    1|   0|    1|          0|
    |icmp_ln17_reg_9679                        |    1|   0|    1|          0|
    |icmp_ln27_reg_9724                        |    1|   0|    1|          0|
    |icmp_ln49_reg_11396                       |    1|   0|    1|          0|
    |icmp_ln65_reg_11950                       |    1|   0|    1|          0|
    |icmp_ln78_reg_12831                       |    1|   0|    1|          0|
    |indvar_flatten56_reg_3136                 |    8|   0|    8|          0|
    |indvar_flatten_reg_3093                   |    7|   0|    7|          0|
    |m_reg_3104                                |    3|   0|    3|          0|
    |mul_ln1118_10_reg_12960                   |   35|   0|   35|          0|
    |mul_ln1118_10_reg_12960_pp4_iter1_reg     |   35|   0|   35|          0|
    |mul_ln1118_11_reg_12965                   |   34|   0|   34|          0|
    |mul_ln1118_11_reg_12965_pp4_iter1_reg     |   34|   0|   34|          0|
    |mul_ln1118_12_reg_12970                   |   33|   0|   33|          0|
    |mul_ln1118_12_reg_12970_pp4_iter1_reg     |   33|   0|   33|          0|
    |mul_ln1118_13_reg_12975                   |   34|   0|   34|          0|
    |mul_ln1118_13_reg_12975_pp4_iter1_reg     |   34|   0|   34|          0|
    |mul_ln1118_14_reg_13015                   |   34|   0|   34|          0|
    |mul_ln1118_15_reg_13030                   |   33|   0|   33|          0|
    |mul_ln1118_16_reg_13045                   |   34|   0|   34|          0|
    |mul_ln1118_17_reg_13050                   |   34|   0|   34|          0|
    |mul_ln1118_18_reg_13055                   |   34|   0|   34|          0|
    |mul_ln1118_19_reg_13060                   |   34|   0|   34|          0|
    |mul_ln1118_20_reg_13065                   |   34|   0|   34|          0|
    |mul_ln1118_21_reg_13081                   |   34|   0|   34|          0|
    |mul_ln1118_22_reg_13096                   |   35|   0|   35|          0|
    |mul_ln1118_23_reg_13106                   |   34|   0|   34|          0|
    |mul_ln1118_24_reg_13116                   |   35|   0|   35|          0|
    |mul_ln1118_25_reg_13126                   |   34|   0|   34|          0|
    |mul_ln1118_26_reg_13131                   |   34|   0|   34|          0|
    |mul_ln1118_27_reg_13141                   |   34|   0|   34|          0|
    |mul_ln1118_28_reg_13146                   |   32|   0|   32|          0|
    |mul_ln1118_30_reg_13161                   |   35|   0|   35|          0|
    |mul_ln1118_31_reg_13166                   |   34|   0|   34|          0|
    |mul_ln1118_32_reg_13176                   |   33|   0|   33|          0|
    |mul_ln1118_33_reg_13181                   |   34|   0|   34|          0|
    |mul_ln1118_34_reg_13186                   |   34|   0|   34|          0|
    |mul_ln1118_35_reg_13191                   |   35|   0|   35|          0|
    |mul_ln1118_36_reg_13196                   |   35|   0|   35|          0|
    |mul_ln1118_37_reg_13206                   |   34|   0|   34|          0|
    |mul_ln1118_38_reg_13211                   |   35|   0|   35|          0|
    |mul_ln1118_39_reg_13221                   |   35|   0|   35|          0|
    |mul_ln1118_40_reg_13226                   |   35|   0|   35|          0|
    |mul_ln1118_41_reg_13231                   |   35|   0|   35|          0|
    |mul_ln1118_42_reg_13236                   |   35|   0|   35|          0|
    |mul_ln1118_6_reg_12915                    |   35|   0|   35|          0|
    |mul_ln1118_7_reg_12925                    |   34|   0|   34|          0|
    |mul_ln1118_8_reg_12935                    |   35|   0|   35|          0|
    |mul_ln1118_9_reg_12940                    |   35|   0|   35|          0|
    |mul_ln1192_19_reg_12065                   |   36|   0|   36|          0|
    |mul_ln1192_24_reg_12160                   |   36|   0|   36|          0|
    |mul_ln1192_34_reg_12360                   |   36|   0|   36|          0|
    |mul_ln1192_39_reg_12470                   |   36|   0|   36|          0|
    |mul_ln1192_41_reg_12990                   |   36|   0|   36|          0|
    |mul_ln1192_41_reg_12990_pp4_iter1_reg     |   36|   0|   36|          0|
    |mul_ln1192_42_reg_13111                   |   36|   0|   36|          0|
    |mul_ln1192_43_reg_13121                   |   36|   0|   36|          0|
    |mul_ln1192_44_reg_13201                   |   36|   0|   36|          0|
    |mul_ln703_32_reg_12910                    |   36|   0|   36|          0|
    |mul_ln703_33_reg_12920                    |   36|   0|   36|          0|
    |mul_ln703_34_reg_12930                    |   36|   0|   36|          0|
    |mul_ln703_35_reg_12945                    |   36|   0|   36|          0|
    |mul_ln703_36_reg_12950                    |   36|   0|   36|          0|
    |mul_ln703_36_reg_12950_pp4_iter1_reg      |   36|   0|   36|          0|
    |mul_ln703_37_reg_12955                    |   36|   0|   36|          0|
    |mul_ln703_37_reg_12955_pp4_iter1_reg      |   36|   0|   36|          0|
    |mul_ln703_38_reg_12980                    |   36|   0|   36|          0|
    |mul_ln703_38_reg_12980_pp4_iter1_reg      |   36|   0|   36|          0|
    |mul_ln703_39_reg_12995                    |   36|   0|   36|          0|
    |mul_ln703_39_reg_12995_pp4_iter1_reg      |   36|   0|   36|          0|
    |mul_ln703_40_reg_13000                    |   36|   0|   36|          0|
    |mul_ln703_40_reg_13000_pp4_iter1_reg      |   36|   0|   36|          0|
    |mul_ln703_41_reg_13005                    |   36|   0|   36|          0|
    |mul_ln703_42_reg_13010                    |   36|   0|   36|          0|
    |mul_ln703_43_reg_13020                    |   36|   0|   36|          0|
    |mul_ln703_44_reg_13025                    |   36|   0|   36|          0|
    |mul_ln703_45_reg_13035                    |   36|   0|   36|          0|
    |mul_ln703_46_reg_13040                    |   36|   0|   36|          0|
    |mul_ln703_47_reg_13086                    |   36|   0|   36|          0|
    |mul_ln703_48_reg_13091                    |   36|   0|   36|          0|
    |mul_ln703_49_reg_13101                    |   36|   0|   36|          0|
    |mul_ln703_50_reg_13136                    |   36|   0|   36|          0|
    |mul_ln703_51_reg_13151                    |   36|   0|   36|          0|
    |mul_ln703_52_reg_13171                    |   36|   0|   36|          0|
    |mul_ln703_53_reg_13216                    |   36|   0|   36|          0|
    |n_reg_3115                                |    5|   0|    5|          0|
    |pool1_out_V_load_10_reg_11585             |   19|   0|   19|          0|
    |pool1_out_V_load_11_reg_11590             |   19|   0|   19|          0|
    |pool1_out_V_load_12_reg_11605             |   19|   0|   19|          0|
    |pool1_out_V_load_13_reg_11610             |   19|   0|   19|          0|
    |pool1_out_V_load_14_reg_11625             |   19|   0|   19|          0|
    |pool1_out_V_load_15_reg_11630             |   19|   0|   19|          0|
    |pool1_out_V_load_16_reg_11645             |   19|   0|   19|          0|
    |pool1_out_V_load_17_reg_11650             |   19|   0|   19|          0|
    |pool1_out_V_load_18_reg_11665             |   19|   0|   19|          0|
    |pool1_out_V_load_19_reg_11670             |   19|   0|   19|          0|
    |pool1_out_V_load_1_reg_11490              |   19|   0|   19|          0|
    |pool1_out_V_load_20_reg_11685             |   19|   0|   19|          0|
    |pool1_out_V_load_21_reg_11690             |   19|   0|   19|          0|
    |pool1_out_V_load_22_reg_11705             |   19|   0|   19|          0|
    |pool1_out_V_load_23_reg_11710             |   19|   0|   19|          0|
    |pool1_out_V_load_24_reg_11725             |   19|   0|   19|          0|
    |pool1_out_V_load_25_reg_11730             |   19|   0|   19|          0|
    |pool1_out_V_load_26_reg_11745             |   19|   0|   19|          0|
    |pool1_out_V_load_27_reg_11750             |   19|   0|   19|          0|
    |pool1_out_V_load_28_reg_11765             |   19|   0|   19|          0|
    |pool1_out_V_load_29_reg_11770             |   19|   0|   19|          0|
    |pool1_out_V_load_2_reg_11505              |   19|   0|   19|          0|
    |pool1_out_V_load_3_reg_11510              |   19|   0|   19|          0|
    |pool1_out_V_load_4_reg_11525              |   19|   0|   19|          0|
    |pool1_out_V_load_5_reg_11530              |   19|   0|   19|          0|
    |pool1_out_V_load_6_reg_11545              |   19|   0|   19|          0|
    |pool1_out_V_load_7_reg_11550              |   19|   0|   19|          0|
    |pool1_out_V_load_8_reg_11565              |   19|   0|   19|          0|
    |pool1_out_V_load_9_reg_11570              |   19|   0|   19|          0|
    |pool1_out_V_load_reg_11485                |   19|   0|   19|          0|
    |reg_3203                                  |   20|   0|   20|          0|
    |reg_3209                                  |   20|   0|   20|          0|
    |reg_3214                                  |   20|   0|   20|          0|
    |reg_3219                                  |   20|   0|   20|          0|
    |reg_3224                                  |   20|   0|   20|          0|
    |reg_3229                                  |   20|   0|   20|          0|
    |reg_3234                                  |   20|   0|   20|          0|
    |reg_3239                                  |   20|   0|   20|          0|
    |reg_3244                                  |   19|   0|   19|          0|
    |reg_3248                                  |   19|   0|   19|          0|
    |reg_3252                                  |   19|   0|   19|          0|
    |reg_3256                                  |   19|   0|   19|          0|
    |reg_3260                                  |   19|   0|   19|          0|
    |reg_3264                                  |   19|   0|   19|          0|
    |reg_3268                                  |   19|   0|   19|          0|
    |reg_3272                                  |   19|   0|   19|          0|
    |reg_3276                                  |   19|   0|   19|          0|
    |reg_3280                                  |   19|   0|   19|          0|
    |reg_3284                                  |   19|   0|   19|          0|
    |reg_3288                                  |   19|   0|   19|          0|
    |reg_3292                                  |   19|   0|   19|          0|
    |reg_3296                                  |   19|   0|   19|          0|
    |reg_3300                                  |   19|   0|   19|          0|
    |reg_3305                                  |   19|   0|   19|          0|
    |select_ln17_1_reg_9689                    |    1|   0|    1|          0|
    |select_ln17_2_reg_9693                    |    3|   0|    3|          0|
    |select_ln17_reg_9683                      |    5|   0|    5|          0|
    |select_ln27_2_reg_9735                    |    6|   0|    6|          0|
    |select_ln27_reg_9728                      |    3|   0|    3|          0|
    |tmp_100_reg_13266                         |   20|   0|   20|          0|
    |tmp_102_reg_13271                         |   20|   0|   20|          0|
    |tmp_104_reg_13276                         |   20|   0|   20|          0|
    |tmp_106_reg_13281                         |   20|   0|   20|          0|
    |tmp_108_reg_13286                         |   20|   0|   20|          0|
    |tmp_110_reg_13291                         |   20|   0|   20|          0|
    |tmp_112_reg_13296                         |   20|   0|   20|          0|
    |tmp_114_reg_13301                         |   20|   0|   20|          0|
    |tmp_116_reg_13306                         |   20|   0|   20|          0|
    |tmp_118_reg_13311                         |   20|   0|   20|          0|
    |tmp_120_reg_13316                         |   20|   0|   20|          0|
    |tmp_122_reg_13321                         |   20|   0|   20|          0|
    |tmp_124_reg_13331                         |   20|   0|   20|          0|
    |tmp_126_reg_13336                         |   20|   0|   20|          0|
    |tmp_128_reg_13341                         |   20|   0|   20|          0|
    |tmp_130_reg_13346                         |   20|   0|   20|          0|
    |tmp_132_reg_13351                         |   20|   0|   20|          0|
    |tmp_134_reg_13356                         |   20|   0|   20|          0|
    |tmp_136_reg_13361                         |   20|   0|   20|          0|
    |tmp_138_reg_13366                         |   20|   0|   20|          0|
    |tmp_140_reg_13371                         |   20|   0|   20|          0|
    |tmp_142_reg_13376                         |   20|   0|   20|          0|
    |tmp_144_reg_13381                         |   20|   0|   20|          0|
    |tmp_16_reg_10214                          |    3|   0|    7|          4|
    |tmp_1_reg_9891                            |    3|   0|    7|          4|
    |tmp_33_reg_10477                          |    3|   0|    7|          4|
    |tmp_33_reg_10477_pp1_iter1_reg            |    3|   0|    7|          4|
    |tmp_48_reg_11361                          |   20|   0|   20|          0|
    |tmp_51_reg_12015                          |   20|   0|   20|          0|
    |tmp_55_reg_12080                          |   20|   0|   20|          0|
    |tmp_61_reg_12175                          |   20|   0|   20|          0|
    |tmp_74_reg_12375                          |   20|   0|   20|          0|
    |tmp_81_reg_12480                          |   20|   0|   20|          0|
    |tmp_82_reg_12905                          |   17|   0|   17|          0|
    |tmp_84_reg_12985                          |   20|   0|   20|          0|
    |tmp_86_reg_13076                          |   20|   0|   20|          0|
    |tmp_88_reg_13156                          |   20|   0|   20|          0|
    |tmp_90_reg_13241                          |   20|   0|   20|          0|
    |tmp_92_reg_13246                          |   20|   0|   20|          0|
    |tmp_94_reg_13251                          |   20|   0|   20|          0|
    |tmp_96_reg_13256                          |   20|   0|   20|          0|
    |tmp_98_reg_13261                          |   20|   0|   20|          0|
    |trunc_ln1118_reg_12835                    |    1|   0|    1|          0|
    |trunc_ln1144_1_reg_11455                  |   17|   0|   17|          0|
    |trunc_ln1144_2_reg_11465                  |   17|   0|   17|          0|
    |trunc_ln1_reg_11450                       |   17|   0|   17|          0|
    |trunc_ln2_reg_11460                       |   17|   0|   17|          0|
    |trunc_ln703_1_reg_11470                   |   17|   0|   17|          0|
    |window_V_addr_reg_9704                    |    7|   0|    7|          0|
    |window_V_addr_reg_9704_pp0_iter2_reg      |    7|   0|    7|          0|
    |window_V_load_18_reg_10257                |   20|   0|   20|          0|
    |window_V_load_20_reg_10287                |   20|   0|   20|          0|
    |window_V_load_22_reg_10317                |   20|   0|   20|          0|
    |window_V_load_24_reg_10347                |   20|   0|   20|          0|
    |window_V_load_26_reg_10377                |   20|   0|   20|          0|
    |window_V_load_28_reg_10407                |   20|   0|   20|          0|
    |window_V_load_29_reg_10437                |   20|   0|   20|          0|
    |window_V_load_30_reg_10442                |   20|   0|   20|          0|
    |window_V_load_32_reg_10472                |   20|   0|   20|          0|
    |window_V_load_33_reg_10520                |   20|   0|   20|          0|
    |window_V_load_34_reg_10525                |   20|   0|   20|          0|
    |window_V_load_35_reg_10555                |   20|   0|   20|          0|
    |window_V_load_36_reg_10560                |   20|   0|   20|          0|
    |window_V_load_37_reg_10590                |   20|   0|   20|          0|
    |window_V_load_38_reg_10595                |   20|   0|   20|          0|
    |window_V_load_39_reg_10625                |   20|   0|   20|          0|
    |window_V_load_40_reg_10630                |   20|   0|   20|          0|
    |window_V_load_41_reg_10660                |   20|   0|   20|          0|
    |window_V_load_42_reg_10665                |   20|   0|   20|          0|
    |window_V_load_43_reg_10695                |   20|   0|   20|          0|
    |window_V_load_44_reg_10700                |   20|   0|   20|          0|
    |window_V_load_45_reg_10730                |   20|   0|   20|          0|
    |window_V_load_46_reg_10735                |   20|   0|   20|          0|
    |zext_ln1116_10_reg_11915                  |   19|   0|   35|         16|
    |zext_ln1116_11_reg_11930                  |   19|   0|   34|         15|
    |zext_ln1116_1_reg_11810                   |   19|   0|   34|         15|
    |zext_ln1116_2_reg_11845                   |   19|   0|   36|         17|
    |zext_ln1116_3_reg_11855                   |   19|   0|   34|         15|
    |zext_ln1116_4_reg_11860                   |   19|   0|   34|         15|
    |zext_ln1116_5_reg_11870                   |   19|   0|   34|         15|
    |zext_ln1116_6_reg_11890                   |   19|   0|   36|         17|
    |zext_ln1116_7_reg_11895                   |   19|   0|   36|         17|
    |zext_ln1116_8_reg_11905                   |   19|   0|   36|         17|
    |zext_ln1116_9_reg_11910                   |   19|   0|   36|         17|
    |zext_ln1116_reg_11795                     |   19|   0|   36|         17|
    |zext_ln1192_10_reg_11865                  |   19|   0|   36|         17|
    |zext_ln1192_11_reg_11875                  |   19|   0|   36|         17|
    |zext_ln1192_12_reg_11880                  |   19|   0|   36|         17|
    |zext_ln1192_13_reg_11885                  |   19|   0|   36|         17|
    |zext_ln1192_14_reg_11900                  |   19|   0|   36|         17|
    |zext_ln1192_15_reg_11920                  |   19|   0|   36|         17|
    |zext_ln1192_16_reg_11925                  |   19|   0|   36|         17|
    |zext_ln1192_17_reg_11935                  |   19|   0|   36|         17|
    |zext_ln1192_18_reg_11940                  |   19|   0|   36|         17|
    |zext_ln1192_1_reg_11800                   |   19|   0|   36|         17|
    |zext_ln1192_2_reg_11805                   |   19|   0|   36|         17|
    |zext_ln1192_3_reg_11815                   |   19|   0|   36|         17|
    |zext_ln1192_4_reg_11820                   |   19|   0|   36|         17|
    |zext_ln1192_5_reg_11825                   |   19|   0|   36|         17|
    |zext_ln1192_6_reg_11830                   |   19|   0|   36|         17|
    |zext_ln1192_7_reg_11835                   |   19|   0|   36|         17|
    |zext_ln1192_8_reg_11840                   |   19|   0|   36|         17|
    |zext_ln1192_9_reg_11850                   |   19|   0|   36|         17|
    |zext_ln1192_reg_11790                     |   19|   0|   36|         17|
    |zext_ln27_reg_9742                        |    6|   0|   64|         58|
    |zext_ln27_reg_9742_pp1_iter1_reg          |    6|   0|   64|         58|
    |zext_ln708_reg_11785                      |   19|   0|   36|         17|
    |fc1_out_V_load_46_reg_13070               |   64|  32|   19|          0|
    |i_1_cast_reg_11954                        |   64|  32|   64|         57|
    |i_reg_3169                                |   64|  32|    6|          0|
    |icmp_ln17_reg_9679                        |   64|  32|    1|          0|
    |icmp_ln27_reg_9724                        |   64|  32|    1|          0|
    |icmp_ln49_reg_11396                       |   64|  32|    1|          0|
    |icmp_ln65_reg_11950                       |   64|  32|    1|          0|
    |icmp_ln78_reg_12831                       |   64|  32|    1|          0|
    |mul_ln1118_14_reg_13015                   |   64|  32|   34|          0|
    |mul_ln1118_15_reg_13030                   |   64|  32|   33|          0|
    |mul_ln1118_16_reg_13045                   |   64|  32|   34|          0|
    |mul_ln1118_17_reg_13050                   |   64|  32|   34|          0|
    |mul_ln1118_18_reg_13055                   |   64|  32|   34|          0|
    |mul_ln1118_19_reg_13060                   |   64|  32|   34|          0|
    |mul_ln1118_20_reg_13065                   |   64|  32|   34|          0|
    |mul_ln1118_21_reg_13081                   |   64|  32|   34|          0|
    |mul_ln1118_22_reg_13096                   |   64|  32|   35|          0|
    |mul_ln1118_23_reg_13106                   |   64|  32|   34|          0|
    |mul_ln1118_24_reg_13116                   |   64|  32|   35|          0|
    |mul_ln1118_25_reg_13126                   |   64|  32|   34|          0|
    |mul_ln1118_26_reg_13131                   |   64|  32|   34|          0|
    |mul_ln1118_27_reg_13141                   |   64|  32|   34|          0|
    |mul_ln1118_28_reg_13146                   |   64|  32|   32|          0|
    |mul_ln1118_30_reg_13161                   |   64|  32|   35|          0|
    |mul_ln1118_31_reg_13166                   |   64|  32|   34|          0|
    |mul_ln1118_32_reg_13176                   |   64|  32|   33|          0|
    |mul_ln1118_33_reg_13181                   |   64|  32|   34|          0|
    |mul_ln1118_34_reg_13186                   |   64|  32|   34|          0|
    |mul_ln1118_35_reg_13191                   |   64|  32|   35|          0|
    |mul_ln1118_36_reg_13196                   |   64|  32|   35|          0|
    |mul_ln1118_37_reg_13206                   |   64|  32|   34|          0|
    |mul_ln1118_38_reg_13211                   |   64|  32|   35|          0|
    |mul_ln1118_39_reg_13221                   |   64|  32|   35|          0|
    |mul_ln1118_40_reg_13226                   |   64|  32|   35|          0|
    |mul_ln1118_41_reg_13231                   |   64|  32|   35|          0|
    |mul_ln1118_42_reg_13236                   |   64|  32|   35|          0|
    |mul_ln1192_42_reg_13111                   |   64|  32|   36|          0|
    |mul_ln1192_43_reg_13121                   |   64|  32|   36|          0|
    |mul_ln1192_44_reg_13201                   |   64|  32|   36|          0|
    |mul_ln703_41_reg_13005                    |   64|  32|   36|          0|
    |mul_ln703_42_reg_13010                    |   64|  32|   36|          0|
    |mul_ln703_43_reg_13020                    |   64|  32|   36|          0|
    |mul_ln703_44_reg_13025                    |   64|  32|   36|          0|
    |mul_ln703_45_reg_13035                    |   64|  32|   36|          0|
    |mul_ln703_46_reg_13040                    |   64|  32|   36|          0|
    |mul_ln703_47_reg_13086                    |   64|  32|   36|          0|
    |mul_ln703_48_reg_13091                    |   64|  32|   36|          0|
    |mul_ln703_49_reg_13101                    |   64|  32|   36|          0|
    |mul_ln703_50_reg_13136                    |   64|  32|   36|          0|
    |mul_ln703_51_reg_13151                    |   64|  32|   36|          0|
    |mul_ln703_52_reg_13171                    |   64|  32|   36|          0|
    |mul_ln703_53_reg_13216                    |   64|  32|   36|          0|
    |select_ln17_1_reg_9689                    |   64|  32|    1|          0|
    |select_ln27_2_reg_9735                    |   64|  32|    6|          0|
    |select_ln27_reg_9728                      |   64|  32|    3|          0|
    |trunc_ln1118_reg_12835                    |   64|  32|    1|          0|
    +------------------------------------------+-----+----+-----+-----------+
    |Total                                     |10571|1792| 9348|        779|
    +------------------------------------------+-----+----+-----+-----------+



================================================================
== Interface
================================================================
* Summary: 
+----------------+-----+-----+------------+--------------+--------------+
|    RTL Ports   | Dir | Bits|  Protocol  | Source Object|    C Type    |
+----------------+-----+-----+------------+--------------+--------------+
|ap_clk          |   in|    1|  ap_ctrl_hs|           CNN|  return value|
|ap_rst          |   in|    1|  ap_ctrl_hs|           CNN|  return value|
|ap_start        |   in|    1|  ap_ctrl_hs|           CNN|  return value|
|ap_done         |  out|    1|  ap_ctrl_hs|           CNN|  return value|
|ap_idle         |  out|    1|  ap_ctrl_hs|           CNN|  return value|
|ap_ready        |  out|    1|  ap_ctrl_hs|           CNN|  return value|
|op_out_din      |  out|   32|     ap_fifo|        op_out|       pointer|
|op_out_full_n   |   in|    1|     ap_fifo|        op_out|       pointer|
|op_out_write    |  out|    1|     ap_fifo|        op_out|       pointer|
|datain_dout     |   in|   32|     ap_fifo|        datain|       pointer|
|datain_empty_n  |   in|    1|     ap_fifo|        datain|       pointer|
|datain_read     |  out|    1|     ap_fifo|        datain|       pointer|
+----------------+-----+-----+------------+--------------+--------------+

