

================================================================
== Vitis HLS Report for 'CNN'
================================================================
* Date:           Tue Dec 22 17:44:31 2020

* Version:        2020.1.1 (Build 2960000 on Wed Aug 05 23:18:37 MDT 2020)
* Project:        Convolution
* Solution:       solution1 (Vivado IP Flow Target)
* Product family: spartan7
* Target device:  xc7s6-ftgb196-1


================================================================
== Performance Estimates
================================================================
+ Timing: 
    * Summary: 
    +--------+----------+----------+------------+
    |  Clock |  Target  | Estimated| Uncertainty|
    +--------+----------+----------+------------+
    |ap_clk  | 10.00 ns | 7.260 ns |   2.70 ns  |
    +--------+----------+----------+------------+

+ Latency: 
    * Summary: 
    +---------+---------+-----------+-----------+------+------+---------+
    |  Latency (cycles) |   Latency (absolute)  |   Interval  | Pipeline|
    |   min   |   max   |    min    |    max    |  min |  max |   Type  |
    +---------+---------+-----------+-----------+------+------+---------+
    |     7979|     7979| 79.790 us | 79.790 us |  7980|  7980|   none  |
    +---------+---------+-----------+-----------+------+------+---------+

    + Detail: 
        * Instance: 
        N/A

        * Loop: 
        +-----------------------------------+---------+---------+----------+-----------+-----------+------+----------+
        |                                   |  Latency (cycles) | Iteration|  Initiation Interval  | Trip |          |
        |             Loop Name             |   min   |   max   |  Latency |  achieved |   target  | Count| Pipelined|
        +-----------------------------------+---------+---------+----------+-----------+-----------+------+----------+
        |- VITIS_LOOP_20_1_VITIS_LOOP_21_2  |     7685|     7685|        54|         48|          1|   160|    yes   |
        |- VITIS_LOOP_61_2                  |      100|      100|         8|          3|          1|    32|    yes   |
        |- VITIS_LOOP_79_1                  |       99|       99|        37|          1|          1|    64|    yes   |
        |- VITIS_LOOP_94_1                  |       71|       71|        40|         32|          1|     2|    yes   |
        +-----------------------------------+---------+---------+----------+-----------+-----------+------+----------+



================================================================
== Utilization Estimates
================================================================
* Summary: 
+-----------------+---------+------+------+------+-----+
|       Name      | BRAM_18K|  DSP |  FF  |  LUT | URAM|
+-----------------+---------+------+------+------+-----+
|DSP              |        -|   109|     -|     -|    -|
|Expression       |        -|     -|     0|  3711|    -|
|FIFO             |        -|     -|     -|     -|    -|
|Instance         |        -|    39|     0|    78|    -|
|Memory           |        1|     -|  1107|   776|    -|
|Multiplexer      |        -|     -|     -|  1451|    -|
|Register         |        -|     -|  4257|   128|    -|
+-----------------+---------+------+------+------+-----+
|Total            |        1|   148|  5364|  6144|    0|
+-----------------+---------+------+------+------+-----+
|Available        |       10|    10|  7500|  3750|    0|
+-----------------+---------+------+------+------+-----+
|Utilization (%)  |       10|  1480|    71|   163|    0|
+-----------------+---------+------+------+------+-----+

+ Detail: 
    * Instance: 
    +-------------------------+---------------------+---------+----+---+----+-----+
    |         Instance        |        Module       | BRAM_18K| DSP| FF| LUT| URAM|
    +-------------------------+---------------------+---------+----+---+----+-----+
    |mul_15ns_12s_27_1_1_U2   |mul_15ns_12s_27_1_1  |        0|   1|  0|   2|    0|
    |mul_15ns_12s_27_1_1_U6   |mul_15ns_12s_27_1_1  |        0|   1|  0|   2|    0|
    |mul_15ns_12s_27_1_1_U10  |mul_15ns_12s_27_1_1  |        0|   1|  0|   2|    0|
    |mul_15ns_12s_27_1_1_U22  |mul_15ns_12s_27_1_1  |        0|   1|  0|   2|    0|
    |mul_15ns_12s_27_1_1_U25  |mul_15ns_12s_27_1_1  |        0|   1|  0|   2|    0|
    |mul_15ns_12s_27_1_1_U29  |mul_15ns_12s_27_1_1  |        0|   1|  0|   2|    0|
    |mul_15ns_12s_27_1_1_U31  |mul_15ns_12s_27_1_1  |        0|   1|  0|   2|    0|
    |mul_15ns_12s_27_1_1_U32  |mul_15ns_12s_27_1_1  |        0|   1|  0|   2|    0|
    |mul_15ns_12s_27_1_1_U34  |mul_15ns_12s_27_1_1  |        0|   1|  0|   2|    0|
    |mul_15ns_12s_27_1_1_U36  |mul_15ns_12s_27_1_1  |        0|   1|  0|   2|    0|
    |mul_15ns_12s_27_1_1_U37  |mul_15ns_12s_27_1_1  |        0|   1|  0|   2|    0|
    |mul_15ns_12s_27_1_1_U38  |mul_15ns_12s_27_1_1  |        0|   1|  0|   2|    0|
    |mul_15ns_12s_27_1_1_U39  |mul_15ns_12s_27_1_1  |        0|   1|  0|   2|    0|
    |mul_15ns_13s_27_1_1_U5   |mul_15ns_13s_27_1_1  |        0|   1|  0|   2|    0|
    |mul_15ns_13s_28_1_1_U1   |mul_15ns_13s_28_1_1  |        0|   1|  0|   2|    0|
    |mul_15ns_13s_28_1_1_U3   |mul_15ns_13s_28_1_1  |        0|   1|  0|   2|    0|
    |mul_15ns_13s_28_1_1_U4   |mul_15ns_13s_28_1_1  |        0|   1|  0|   2|    0|
    |mul_15ns_13s_28_1_1_U7   |mul_15ns_13s_28_1_1  |        0|   1|  0|   2|    0|
    |mul_15ns_13s_28_1_1_U8   |mul_15ns_13s_28_1_1  |        0|   1|  0|   2|    0|
    |mul_15ns_13s_28_1_1_U9   |mul_15ns_13s_28_1_1  |        0|   1|  0|   2|    0|
    |mul_15ns_13s_28_1_1_U12  |mul_15ns_13s_28_1_1  |        0|   1|  0|   2|    0|
    |mul_15ns_13s_28_1_1_U13  |mul_15ns_13s_28_1_1  |        0|   1|  0|   2|    0|
    |mul_15ns_13s_28_1_1_U14  |mul_15ns_13s_28_1_1  |        0|   1|  0|   2|    0|
    |mul_15ns_13s_28_1_1_U15  |mul_15ns_13s_28_1_1  |        0|   1|  0|   2|    0|
    |mul_15ns_13s_28_1_1_U16  |mul_15ns_13s_28_1_1  |        0|   1|  0|   2|    0|
    |mul_15ns_13s_28_1_1_U17  |mul_15ns_13s_28_1_1  |        0|   1|  0|   2|    0|
    |mul_15ns_13s_28_1_1_U18  |mul_15ns_13s_28_1_1  |        0|   1|  0|   2|    0|
    |mul_15ns_13s_28_1_1_U19  |mul_15ns_13s_28_1_1  |        0|   1|  0|   2|    0|
    |mul_15ns_13s_28_1_1_U20  |mul_15ns_13s_28_1_1  |        0|   1|  0|   2|    0|
    |mul_15ns_13s_28_1_1_U21  |mul_15ns_13s_28_1_1  |        0|   1|  0|   2|    0|
    |mul_15ns_13s_28_1_1_U23  |mul_15ns_13s_28_1_1  |        0|   1|  0|   2|    0|
    |mul_15ns_13s_28_1_1_U27  |mul_15ns_13s_28_1_1  |        0|   1|  0|   2|    0|
    |mul_15ns_13s_28_1_1_U28  |mul_15ns_13s_28_1_1  |        0|   1|  0|   2|    0|
    |mul_15ns_13s_28_1_1_U30  |mul_15ns_13s_28_1_1  |        0|   1|  0|   2|    0|
    |mul_15ns_13s_28_1_1_U35  |mul_15ns_13s_28_1_1  |        0|   1|  0|   2|    0|
    |mul_15ns_14s_28_1_1_U11  |mul_15ns_14s_28_1_1  |        0|   1|  0|   2|    0|
    |mul_15ns_14s_28_1_1_U24  |mul_15ns_14s_28_1_1  |        0|   1|  0|   2|    0|
    |mul_15ns_14s_28_1_1_U26  |mul_15ns_14s_28_1_1  |        0|   1|  0|   2|    0|
    |mul_15ns_14s_28_1_1_U33  |mul_15ns_14s_28_1_1  |        0|   1|  0|   2|    0|
    +-------------------------+---------------------+---------+----+---+----+-----+
    |Total                    |                     |        0|  39|  0|  78|    0|
    +-------------------------+---------------------+---------+----+---+----+-----+

    * DSP: 
    +--------------------------------------+---------------------------------+--------------+
    |               Instance               |              Module             |  Expression  |
    +--------------------------------------+---------------------------------+--------------+
    |mac_muladd_11s_15ns_28ns_28_4_1_U98   |mac_muladd_11s_15ns_28ns_28_4_1  | i0 + i1 * i2 |
    |mac_muladd_11s_15ns_28ns_28_4_1_U107  |mac_muladd_11s_15ns_28ns_28_4_1  | i0 + i1 * i2 |
    |mac_muladd_11s_15ns_28ns_28_4_1_U108  |mac_muladd_11s_15ns_28ns_28_4_1  | i0 + i1 * i2 |
    |mac_muladd_11s_15ns_28ns_28_4_1_U110  |mac_muladd_11s_15ns_28ns_28_4_1  | i0 + i1 * i2 |
    |mac_muladd_11s_15ns_28ns_28_4_1_U122  |mac_muladd_11s_15ns_28ns_28_4_1  | i0 + i1 * i2 |
    |mac_muladd_12s_15ns_28ns_28_4_1_U119  |mac_muladd_12s_15ns_28ns_28_4_1  | i0 + i1 * i2 |
    |mac_muladd_12s_16s_28ns_28_4_1_U57    |mac_muladd_12s_16s_28ns_28_4_1   | i0 + i1 * i2 |
    |mac_muladd_12s_16s_28ns_28_4_1_U58    |mac_muladd_12s_16s_28ns_28_4_1   | i0 + i1 * i2 |
    |mac_muladd_12s_16s_28ns_28_4_1_U61    |mac_muladd_12s_16s_28ns_28_4_1   | i0 + i1 * i2 |
    |mac_muladd_12s_16s_28ns_28_4_1_U62    |mac_muladd_12s_16s_28ns_28_4_1   | i0 + i1 * i2 |
    |mac_muladd_12s_16s_28ns_28_4_1_U63    |mac_muladd_12s_16s_28ns_28_4_1   | i0 + i1 * i2 |
    |mac_muladd_12s_16s_28ns_28_4_1_U67    |mac_muladd_12s_16s_28ns_28_4_1   | i0 + i1 * i2 |
    |mac_muladd_12s_16s_28ns_28_4_1_U69    |mac_muladd_12s_16s_28ns_28_4_1   | i0 + i1 * i2 |
    |mac_muladd_12s_16s_28ns_28_4_1_U70    |mac_muladd_12s_16s_28ns_28_4_1   | i0 + i1 * i2 |
    |mac_muladd_12s_16s_28ns_28_4_1_U71    |mac_muladd_12s_16s_28ns_28_4_1   | i0 + i1 * i2 |
    |mac_muladd_13s_15ns_28ns_28_4_1_U95   |mac_muladd_13s_15ns_28ns_28_4_1  | i0 + i1 * i2 |
    |mac_muladd_13s_15ns_28ns_28_4_1_U105  |mac_muladd_13s_15ns_28ns_28_4_1  | i0 + i1 * i2 |
    |mac_muladd_13s_15ns_28ns_28_4_1_U114  |mac_muladd_13s_15ns_28ns_28_4_1  | i0 + i1 * i2 |
    |mac_muladd_13s_15ns_28ns_28_4_1_U115  |mac_muladd_13s_15ns_28ns_28_4_1  | i0 + i1 * i2 |
    |mac_muladd_13s_15ns_28ns_28_4_1_U117  |mac_muladd_13s_15ns_28ns_28_4_1  | i0 + i1 * i2 |
    |mac_muladd_13s_15ns_28ns_28_4_1_U118  |mac_muladd_13s_15ns_28ns_28_4_1  | i0 + i1 * i2 |
    |mac_muladd_13s_16s_28ns_28_4_1_U55    |mac_muladd_13s_16s_28ns_28_4_1   | i0 + i1 * i2 |
    |mac_muladd_13s_16s_28ns_28_4_1_U56    |mac_muladd_13s_16s_28ns_28_4_1   | i0 + i1 * i2 |
    |mac_muladd_13s_16s_28ns_28_4_1_U59    |mac_muladd_13s_16s_28ns_28_4_1   | i0 + i1 * i2 |
    |mac_muladd_13s_16s_28ns_28_4_1_U60    |mac_muladd_13s_16s_28ns_28_4_1   | i0 + i1 * i2 |
    |mac_muladd_13s_16s_28ns_28_4_1_U64    |mac_muladd_13s_16s_28ns_28_4_1   | i0 + i1 * i2 |
    |mac_muladd_13s_16s_28ns_28_4_1_U65    |mac_muladd_13s_16s_28ns_28_4_1   | i0 + i1 * i2 |
    |mac_muladd_13s_16s_28ns_28_4_1_U66    |mac_muladd_13s_16s_28ns_28_4_1   | i0 + i1 * i2 |
    |mac_muladd_13s_16s_28ns_28_4_1_U68    |mac_muladd_13s_16s_28ns_28_4_1   | i0 + i1 * i2 |
    |mac_muladd_14s_15ns_28ns_28_4_1_U94   |mac_muladd_14s_15ns_28ns_28_4_1  | i0 + i1 * i2 |
    |mac_muladd_14s_15ns_28ns_28_4_1_U96   |mac_muladd_14s_15ns_28ns_28_4_1  | i0 + i1 * i2 |
    |mac_muladd_14s_15ns_28ns_28_4_1_U99   |mac_muladd_14s_15ns_28ns_28_4_1  | i0 + i1 * i2 |
    |mac_muladd_14s_15ns_28ns_28_4_1_U100  |mac_muladd_14s_15ns_28ns_28_4_1  | i0 + i1 * i2 |
    |mac_muladd_14s_15ns_28ns_28_4_1_U101  |mac_muladd_14s_15ns_28ns_28_4_1  | i0 + i1 * i2 |
    |mac_muladd_14s_15ns_28ns_28_4_1_U102  |mac_muladd_14s_15ns_28ns_28_4_1  | i0 + i1 * i2 |
    |mac_muladd_14s_15ns_28ns_28_4_1_U104  |mac_muladd_14s_15ns_28ns_28_4_1  | i0 + i1 * i2 |
    |mac_muladd_14s_15ns_28ns_28_4_1_U106  |mac_muladd_14s_15ns_28ns_28_4_1  | i0 + i1 * i2 |
    |mac_muladd_14s_15ns_28ns_28_4_1_U109  |mac_muladd_14s_15ns_28ns_28_4_1  | i0 + i1 * i2 |
    |mac_muladd_14s_15ns_28ns_28_4_1_U111  |mac_muladd_14s_15ns_28ns_28_4_1  | i0 + i1 * i2 |
    |mac_muladd_14s_15ns_28ns_28_4_1_U112  |mac_muladd_14s_15ns_28ns_28_4_1  | i0 + i1 * i2 |
    |mac_muladd_14s_15ns_28ns_28_4_1_U113  |mac_muladd_14s_15ns_28ns_28_4_1  | i0 + i1 * i2 |
    |mac_muladd_14s_15ns_28ns_28_4_1_U120  |mac_muladd_14s_15ns_28ns_28_4_1  | i0 + i1 * i2 |
    |mac_muladd_14s_15ns_28ns_28_4_1_U121  |mac_muladd_14s_15ns_28ns_28_4_1  | i0 + i1 * i2 |
    |mac_muladd_14s_15ns_28ns_28_4_1_U124  |mac_muladd_14s_15ns_28ns_28_4_1  | i0 + i1 * i2 |
    |mac_muladd_15s_15ns_28ns_28_4_1_U97   |mac_muladd_15s_15ns_28ns_28_4_1  | i0 + i1 * i2 |
    |mac_muladd_15s_15ns_28ns_28_4_1_U103  |mac_muladd_15s_15ns_28ns_28_4_1  | i0 + i1 * i2 |
    |mac_muladd_15s_15ns_28ns_28_4_1_U116  |mac_muladd_15s_15ns_28ns_28_4_1  | i0 + i1 * i2 |
    |mac_muladd_15s_15ns_28ns_28_4_1_U123  |mac_muladd_15s_15ns_28ns_28_4_1  | i0 + i1 * i2 |
    |mac_muladd_16s_12s_28ns_28_4_1_U41    |mac_muladd_16s_12s_28ns_28_4_1   | i0 * i1 + i2 |
    |mac_muladd_16s_12s_28ns_28_4_1_U42    |mac_muladd_16s_12s_28ns_28_4_1   | i0 * i1 + i2 |
    |mac_muladd_16s_12s_28ns_28_4_1_U43    |mac_muladd_16s_12s_28ns_28_4_1   | i0 * i1 + i2 |
    |mac_muladd_16s_12s_28ns_28_4_1_U45    |mac_muladd_16s_12s_28ns_28_4_1   | i0 * i1 + i2 |
    |mac_muladd_16s_12s_28ns_28_4_1_U46    |mac_muladd_16s_12s_28ns_28_4_1   | i0 * i1 + i2 |
    |mac_muladd_16s_12s_28ns_28_4_1_U47    |mac_muladd_16s_12s_28ns_28_4_1   | i0 * i1 + i2 |
    |mac_muladd_16s_12s_28ns_28_4_1_U49    |mac_muladd_16s_12s_28ns_28_4_1   | i0 * i1 + i2 |
    |mac_muladd_16s_12s_28ns_28_4_1_U50    |mac_muladd_16s_12s_28ns_28_4_1   | i0 * i1 + i2 |
    |mac_muladd_16s_12s_28ns_28_4_1_U51    |mac_muladd_16s_12s_28ns_28_4_1   | i0 * i1 + i2 |
    |mac_muladd_16s_12s_28ns_28_4_1_U52    |mac_muladd_16s_12s_28ns_28_4_1   | i0 * i1 + i2 |
    |mac_muladd_16s_12s_28ns_28_4_1_U53    |mac_muladd_16s_12s_28ns_28_4_1   | i0 * i1 + i2 |
    |mac_muladd_16s_12s_28ns_28_4_1_U54    |mac_muladd_16s_12s_28ns_28_4_1   | i0 * i1 + i2 |
    |mac_muladd_16s_12s_28ns_28_4_1_U73    |mac_muladd_16s_12s_28ns_28_4_1   | i0 * i1 + i2 |
    |mac_muladd_16s_12s_28ns_28_4_1_U74    |mac_muladd_16s_12s_28ns_28_4_1   | i0 * i1 + i2 |
    |mac_muladd_16s_12s_28ns_28_4_1_U75    |mac_muladd_16s_12s_28ns_28_4_1   | i0 * i1 + i2 |
    |mac_muladd_16s_12s_28ns_28_4_1_U77    |mac_muladd_16s_12s_28ns_28_4_1   | i0 * i1 + i2 |
    |mac_muladd_16s_12s_28ns_28_4_1_U78    |mac_muladd_16s_12s_28ns_28_4_1   | i0 * i1 + i2 |
    |mac_muladd_16s_12s_28ns_28_4_1_U79    |mac_muladd_16s_12s_28ns_28_4_1   | i0 * i1 + i2 |
    |mac_muladd_16s_12s_28ns_28_4_1_U82    |mac_muladd_16s_12s_28ns_28_4_1   | i0 * i1 + i2 |
    |mac_muladd_16s_12s_28ns_28_4_1_U83    |mac_muladd_16s_12s_28ns_28_4_1   | i0 * i1 + i2 |
    |mac_muladd_16s_12s_28ns_28_4_1_U85    |mac_muladd_16s_12s_28ns_28_4_1   | i0 * i1 + i2 |
    |mac_muladd_16s_12s_28ns_28_4_1_U86    |mac_muladd_16s_12s_28ns_28_4_1   | i0 * i1 + i2 |
    |mac_muladd_16s_13s_28ns_28_4_1_U44    |mac_muladd_16s_13s_28ns_28_4_1   | i0 * i1 + i2 |
    |mac_muladd_16s_13s_28ns_28_4_1_U48    |mac_muladd_16s_13s_28ns_28_4_1   | i0 * i1 + i2 |
    |mac_muladd_16s_13s_28ns_28_4_1_U72    |mac_muladd_16s_13s_28ns_28_4_1   | i0 * i1 + i2 |
    |mac_muladd_16s_13s_28ns_28_4_1_U76    |mac_muladd_16s_13s_28ns_28_4_1   | i0 * i1 + i2 |
    |mac_muladd_16s_13s_28ns_28_4_1_U80    |mac_muladd_16s_13s_28ns_28_4_1   | i0 * i1 + i2 |
    |mac_muladd_16s_13s_28ns_28_4_1_U81    |mac_muladd_16s_13s_28ns_28_4_1   | i0 * i1 + i2 |
    |mac_muladd_16s_13s_28ns_28_4_1_U84    |mac_muladd_16s_13s_28ns_28_4_1   | i0 * i1 + i2 |
    |mac_muladd_16s_13s_28ns_28_4_1_U87    |mac_muladd_16s_13s_28ns_28_4_1   | i0 * i1 + i2 |
    |mul_mul_13s_15ns_28_4_1_U130          |mul_mul_13s_15ns_28_4_1          |    i0 * i1   |
    |mul_mul_13s_16s_28_4_1_U40            |mul_mul_13s_16s_28_4_1           |    i0 * i1   |
    |mul_mul_15ns_10s_24_4_1_U143          |mul_mul_15ns_10s_24_4_1          |    i0 * i1   |
    |mul_mul_15ns_11s_25_4_1_U125          |mul_mul_15ns_11s_25_4_1          |    i0 * i1   |
    |mul_mul_15ns_11s_25_4_1_U128          |mul_mul_15ns_11s_25_4_1          |    i0 * i1   |
    |mul_mul_15ns_11s_25_4_1_U132          |mul_mul_15ns_11s_25_4_1          |    i0 * i1   |
    |mul_mul_15ns_11s_25_4_1_U145          |mul_mul_15ns_11s_25_4_1          |    i0 * i1   |
    |mul_mul_15ns_11s_26_4_1_U141          |mul_mul_15ns_11s_26_4_1          |    i0 * i1   |
    |mul_mul_15ns_11s_26_4_1_U146          |mul_mul_15ns_11s_26_4_1          |    i0 * i1   |
    |mul_mul_15ns_12s_26_4_1_U126          |mul_mul_15ns_12s_26_4_1          |    i0 * i1   |
    |mul_mul_15ns_12s_26_4_1_U127          |mul_mul_15ns_12s_26_4_1          |    i0 * i1   |
    |mul_mul_15ns_12s_26_4_1_U129          |mul_mul_15ns_12s_26_4_1          |    i0 * i1   |
    |mul_mul_15ns_12s_26_4_1_U131          |mul_mul_15ns_12s_26_4_1          |    i0 * i1   |
    |mul_mul_15ns_12s_26_4_1_U133          |mul_mul_15ns_12s_26_4_1          |    i0 * i1   |
    |mul_mul_15ns_12s_26_4_1_U134          |mul_mul_15ns_12s_26_4_1          |    i0 * i1   |
    |mul_mul_15ns_12s_26_4_1_U135          |mul_mul_15ns_12s_26_4_1          |    i0 * i1   |
    |mul_mul_15ns_12s_26_4_1_U136          |mul_mul_15ns_12s_26_4_1          |    i0 * i1   |
    |mul_mul_15ns_12s_26_4_1_U137          |mul_mul_15ns_12s_26_4_1          |    i0 * i1   |
    |mul_mul_15ns_12s_26_4_1_U138          |mul_mul_15ns_12s_26_4_1          |    i0 * i1   |
    |mul_mul_15ns_12s_26_4_1_U139          |mul_mul_15ns_12s_26_4_1          |    i0 * i1   |
    |mul_mul_15ns_12s_26_4_1_U140          |mul_mul_15ns_12s_26_4_1          |    i0 * i1   |
    |mul_mul_15ns_12s_26_4_1_U142          |mul_mul_15ns_12s_26_4_1          |    i0 * i1   |
    |mul_mul_15ns_12s_26_4_1_U144          |mul_mul_15ns_12s_26_4_1          |    i0 * i1   |
    |mul_mul_15ns_12s_26_4_1_U147          |mul_mul_15ns_12s_26_4_1          |    i0 * i1   |
    |mul_mul_15ns_12s_26_4_1_U148          |mul_mul_15ns_12s_26_4_1          |    i0 * i1   |
    |mul_mul_15ns_17ns_31_4_1_U88          |mul_mul_15ns_17ns_31_4_1         |    i0 * i1   |
    |mul_mul_15ns_17ns_31_4_1_U89          |mul_mul_15ns_17ns_31_4_1         |    i0 * i1   |
    |mul_mul_15ns_17ns_31_4_1_U90          |mul_mul_15ns_17ns_31_4_1         |    i0 * i1   |
    |mul_mul_15ns_17ns_31_4_1_U91          |mul_mul_15ns_17ns_31_4_1         |    i0 * i1   |
    |mul_mul_15ns_17ns_31_4_1_U92          |mul_mul_15ns_17ns_31_4_1         |    i0 * i1   |
    |mul_mul_15s_15ns_28_4_1_U93           |mul_mul_15s_15ns_28_4_1          |    i0 * i1   |
    +--------------------------------------+---------------------------------+--------------+

    * Memory: 
    +-----------------------------+---------------------------+---------+----+----+-----+------+-----+------+-------------+
    |            Memory           |           Module          | BRAM_18K| FF | LUT| URAM| Words| Bits| Banks| W*Bits*Banks|
    +-----------------------------+---------------------------+---------+----+----+-----+------+-----+------+-------------+
    |conv1_out_V_U                |conv1_out_V                |        1|   0|   0|    0|   160|   15|     1|         2400|
    |conv_layer_bias_V_U          |conv_layer_bias_V          |        0|  12|   6|    0|    32|   12|     1|          384|
    |conv_layer_weights_V_0_0_U   |conv_layer_weights_V_0_0   |        0|  13|   7|    0|    32|   13|     1|          416|
    |conv_layer_weights_V_0_1_U   |conv_layer_weights_V_0_1   |        0|  12|   6|    0|    32|   12|     1|          384|
    |conv_layer_weights_V_0_10_U  |conv_layer_weights_V_0_10  |        0|  12|   6|    0|    32|   12|     1|          384|
    |conv_layer_weights_V_0_11_U  |conv_layer_weights_V_0_11  |        0|  12|   6|    0|    32|   12|     1|          384|
    |conv_layer_weights_V_0_12_U  |conv_layer_weights_V_0_12  |        0|  12|   6|    0|    32|   12|     1|          384|
    |conv_layer_weights_V_0_13_U  |conv_layer_weights_V_0_13  |        0|  12|   6|    0|    32|   12|     1|          384|
    |conv_layer_weights_V_0_14_U  |conv_layer_weights_V_0_14  |        0|  12|   6|    0|    32|   12|     1|          384|
    |conv_layer_weights_V_0_15_U  |conv_layer_weights_V_0_15  |        0|  13|   7|    0|    32|   13|     1|          416|
    |conv_layer_weights_V_0_2_U   |conv_layer_weights_V_0_2   |        0|  12|   6|    0|    32|   12|     1|          384|
    |conv_layer_weights_V_0_3_U   |conv_layer_weights_V_0_3   |        0|  12|   6|    0|    32|   12|     1|          384|
    |conv_layer_weights_V_0_4_U   |conv_layer_weights_V_0_4   |        0|  13|   7|    0|    32|   13|     1|          416|
    |conv_layer_weights_V_0_5_U   |conv_layer_weights_V_0_5   |        0|  12|   6|    0|    32|   12|     1|          384|
    |conv_layer_weights_V_0_6_U   |conv_layer_weights_V_0_6   |        0|  12|   6|    0|    32|   12|     1|          384|
    |conv_layer_weights_V_0_7_U   |conv_layer_weights_V_0_7   |        0|  12|   6|    0|    32|   12|     1|          384|
    |conv_layer_weights_V_0_8_U   |conv_layer_weights_V_0_8   |        0|  13|   7|    0|    32|   13|     1|          416|
    |conv_layer_weights_V_0_9_U   |conv_layer_weights_V_0_9   |        0|  12|   6|    0|    32|   12|     1|          384|
    |conv_layer_weights_V_1_0_U   |conv_layer_weights_V_1_0   |        0|  13|   7|    0|    32|   13|     1|          416|
    |conv_layer_weights_V_1_1_U   |conv_layer_weights_V_1_1   |        0|  12|   6|    0|    32|   12|     1|          384|
    |conv_layer_weights_V_1_10_U  |conv_layer_weights_V_1_10  |        0|  13|   7|    0|    32|   13|     1|          416|
    |conv_layer_weights_V_1_11_U  |conv_layer_weights_V_1_11  |        0|  12|   6|    0|    32|   12|     1|          384|
    |conv_layer_weights_V_1_12_U  |conv_layer_weights_V_1_12  |        0|  13|   7|    0|    32|   13|     1|          416|
    |conv_layer_weights_V_1_13_U  |conv_layer_weights_V_1_13  |        0|  12|   6|    0|    32|   12|     1|          384|
    |conv_layer_weights_V_1_14_U  |conv_layer_weights_V_1_14  |        0|  12|   6|    0|    32|   12|     1|          384|
    |conv_layer_weights_V_1_15_U  |conv_layer_weights_V_1_15  |        0|  12|   6|    0|    32|   12|     1|          384|
    |conv_layer_weights_V_1_2_U   |conv_layer_weights_V_1_2   |        0|  12|   6|    0|    32|   12|     1|          384|
    |conv_layer_weights_V_1_3_U   |conv_layer_weights_V_1_3   |        0|  13|   7|    0|    32|   13|     1|          416|
    |conv_layer_weights_V_1_4_U   |conv_layer_weights_V_1_4   |        0|  13|   7|    0|    32|   13|     1|          416|
    |conv_layer_weights_V_1_5_U   |conv_layer_weights_V_1_5   |        0|  12|   6|    0|    32|   12|     1|          384|
    |conv_layer_weights_V_1_6_U   |conv_layer_weights_V_1_6   |        0|  12|   6|    0|    32|   12|     1|          384|
    |conv_layer_weights_V_1_7_U   |conv_layer_weights_V_1_7   |        0|  12|   6|    0|    32|   12|     1|          384|
    |conv_layer_weights_V_1_8_U   |conv_layer_weights_V_1_8   |        0|  13|   7|    0|    32|   13|     1|          416|
    |conv_layer_weights_V_1_9_U   |conv_layer_weights_V_1_9   |        0|  13|   7|    0|    32|   13|     1|          416|
    |conv_layer_weights_V_2_0_U   |conv_layer_weights_V_2_0   |        0|  13|   7|    0|    32|   13|     1|          416|
    |conv_layer_weights_V_2_1_U   |conv_layer_weights_V_2_1   |        0|  12|   6|    0|    32|   12|     1|          384|
    |conv_layer_weights_V_2_10_U  |conv_layer_weights_V_2_10  |        0|  12|   6|    0|    32|   12|     1|          384|
    |conv_layer_weights_V_2_11_U  |conv_layer_weights_V_2_11  |        0|  12|   6|    0|    32|   12|     1|          384|
    |conv_layer_weights_V_2_12_U  |conv_layer_weights_V_2_12  |        0|  13|   7|    0|    32|   13|     1|          416|
    |conv_layer_weights_V_2_13_U  |conv_layer_weights_V_2_13  |        0|  12|   6|    0|    32|   12|     1|          384|
    |conv_layer_weights_V_2_14_U  |conv_layer_weights_V_2_14  |        0|  12|   6|    0|    32|   12|     1|          384|
    |conv_layer_weights_V_2_15_U  |conv_layer_weights_V_2_15  |        0|  13|   7|    0|    32|   13|     1|          416|
    |conv_layer_weights_V_2_2_U   |conv_layer_weights_V_2_2   |        0|  12|   6|    0|    32|   12|     1|          384|
    |conv_layer_weights_V_2_3_U   |conv_layer_weights_V_2_3   |        0|  12|   6|    0|    32|   12|     1|          384|
    |conv_layer_weights_V_2_4_U   |conv_layer_weights_V_2_4   |        0|  13|   7|    0|    32|   13|     1|          416|
    |conv_layer_weights_V_2_5_U   |conv_layer_weights_V_2_5   |        0|  12|   6|    0|    32|   12|     1|          384|
    |conv_layer_weights_V_2_6_U   |conv_layer_weights_V_2_6   |        0|  12|   6|    0|    32|   12|     1|          384|
    |conv_layer_weights_V_2_7_U   |conv_layer_weights_V_2_7   |        0|  12|   6|    0|    32|   12|     1|          384|
    |conv_layer_weights_V_2_8_U   |conv_layer_weights_V_2_8   |        0|  13|   7|    0|    32|   13|     1|          416|
    |conv_layer_weights_V_2_9_U   |conv_layer_weights_V_2_9   |        0|  13|   7|    0|    32|   13|     1|          416|
    |fc1_layer_bias_V_U           |fc1_layer_bias_V           |        0|  12|  12|    0|    64|   12|     1|          768|
    |fc1_layer_weights_V_0_U      |fc1_layer_weights_V_0      |        0|  15|  15|    0|    64|   15|     1|          960|
    |fc1_layer_weights_V_1_U      |fc1_layer_weights_V_1      |        0|  14|  14|    0|    64|   14|     1|          896|
    |fc1_layer_weights_V_10_U     |fc1_layer_weights_V_10     |        0|  15|  15|    0|    64|   15|     1|          960|
    |fc1_layer_weights_V_11_U     |fc1_layer_weights_V_11     |        0|  14|  14|    0|    64|   14|     1|          896|
    |fc1_layer_weights_V_12_U     |fc1_layer_weights_V_12     |        0|  13|  13|    0|    64|   13|     1|          832|
    |fc1_layer_weights_V_13_U     |fc1_layer_weights_V_13     |        0|  14|  14|    0|    64|   14|     1|          896|
    |fc1_layer_weights_V_14_U     |fc1_layer_weights_V_14     |        0|  11|  11|    0|    64|   11|     1|          704|
    |fc1_layer_weights_V_15_U     |fc1_layer_weights_V_15     |        0|  11|  11|    0|    64|   11|     1|          704|
    |fc1_layer_weights_V_16_U     |fc1_layer_weights_V_16     |        0|  14|  14|    0|    64|   14|     1|          896|
    |fc1_layer_weights_V_17_U     |fc1_layer_weights_V_17     |        0|  11|  11|    0|    64|   11|     1|          704|
    |fc1_layer_weights_V_18_U     |fc1_layer_weights_V_18     |        0|  14|  14|    0|    64|   14|     1|          896|
    |fc1_layer_weights_V_19_U     |fc1_layer_weights_V_19     |        0|  14|  14|    0|    64|   14|     1|          896|
    |fc1_layer_weights_V_2_U      |fc1_layer_weights_V_2      |        0|  13|  13|    0|    64|   13|     1|          832|
    |fc1_layer_weights_V_20_U     |fc1_layer_weights_V_20     |        0|  14|  14|    0|    64|   14|     1|          896|
    |fc1_layer_weights_V_21_U     |fc1_layer_weights_V_21     |        0|  13|  13|    0|    64|   13|     1|          832|
    |fc1_layer_weights_V_22_U     |fc1_layer_weights_V_22     |        0|  13|  13|    0|    64|   13|     1|          832|
    |fc1_layer_weights_V_23_U     |fc1_layer_weights_V_23     |        0|  15|  15|    0|    64|   15|     1|          960|
    |fc1_layer_weights_V_24_U     |fc1_layer_weights_V_24     |        0|  13|  13|    0|    64|   13|     1|          832|
    |fc1_layer_weights_V_25_U     |fc1_layer_weights_V_25     |        0|  13|  13|    0|    64|   13|     1|          832|
    |fc1_layer_weights_V_26_U     |fc1_layer_weights_V_26     |        0|  12|  12|    0|    64|   12|     1|          768|
    |fc1_layer_weights_V_27_U     |fc1_layer_weights_V_27     |        0|  14|  14|    0|    64|   14|     1|          896|
    |fc1_layer_weights_V_28_U     |fc1_layer_weights_V_28     |        0|  14|  14|    0|    64|   14|     1|          896|
    |fc1_layer_weights_V_29_U     |fc1_layer_weights_V_29     |        0|  11|  11|    0|    64|   11|     1|          704|
    |fc1_layer_weights_V_3_U      |fc1_layer_weights_V_3      |        0|  14|  14|    0|    64|   14|     1|          896|
    |fc1_layer_weights_V_30_U     |fc1_layer_weights_V_30     |        0|  15|  15|    0|    64|   15|     1|          960|
    |fc1_layer_weights_V_31_U     |fc1_layer_weights_V_31     |        0|  14|  14|    0|    64|   14|     1|          896|
    |fc1_layer_weights_V_4_U      |fc1_layer_weights_V_4      |        0|  15|  15|    0|    64|   15|     1|          960|
    |fc1_layer_weights_V_5_U      |fc1_layer_weights_V_5      |        0|  11|  11|    0|    64|   11|     1|          704|
    |fc1_layer_weights_V_6_U      |fc1_layer_weights_V_6      |        0|  14|  14|    0|    64|   14|     1|          896|
    |fc1_layer_weights_V_7_U      |fc1_layer_weights_V_7      |        0|  14|  14|    0|    64|   14|     1|          896|
    |fc1_layer_weights_V_8_U      |fc1_layer_weights_V_8      |        0|  14|  14|    0|    64|   14|     1|          896|
    |fc1_layer_weights_V_9_U      |fc1_layer_weights_V_9      |        0|  14|  14|    0|    64|   14|     1|          896|
    |fc1_out_V_U                  |fc1_out_V                  |        0|  30|  15|    0|    64|   15|     1|          960|
    |pool1_out_V_U                |pool1_out_V                |        0|  30|   8|    0|    32|   15|     1|          480|
    +-----------------------------+---------------------------+---------+----+----+-----+------+-----+------+-------------+
    |Total                        |                           |        1|1107| 776|    0|  3936| 1092|    85|        51488|
    +-----------------------------+---------------------------+---------+----+----+-----+------+-----+------+-------------+

    * FIFO: 
    N/A

    * Expression: 
    +------------------------------------+----------+----+---+----+------------+------------+
    |            Variable Name           | Operation| DSP| FF| LUT| Bitwidth P0| Bitwidth P1|
    +------------------------------------+----------+----+---+----+------------+------------+
    |a_V_1_fu_5315_p2                    |     +    |   0|  0|  23|          16|          16|
    |a_V_2_fu_7938_p2                    |     +    |   0|  0|  23|          16|          16|
    |a_V_fu_4313_p2                      |     +    |   0|  0|  23|          16|          16|
    |add_ln1192_31_fu_5433_p2            |     +    |   0|  0|  35|          28|          28|
    |add_ln1192_32_fu_5492_p2            |     +    |   0|  0|  35|          28|          28|
    |add_ln1192_33_fu_5516_p2            |     +    |   0|  0|  35|          28|          28|
    |add_ln1192_34_fu_5575_p2            |     +    |   0|  0|  35|          28|          28|
    |add_ln1192_35_fu_5599_p2            |     +    |   0|  0|  35|          28|          28|
    |add_ln1192_36_fu_5669_p2            |     +    |   0|  0|  35|          28|          28|
    |add_ln1192_37_fu_5696_p2            |     +    |   0|  0|  35|          28|          28|
    |add_ln1192_38_fu_5747_p2            |     +    |   0|  0|  35|          28|          28|
    |add_ln1192_39_fu_5770_p2            |     +    |   0|  0|  35|          28|          28|
    |add_ln1192_40_fu_5820_p2            |     +    |   0|  0|  35|          28|          28|
    |add_ln1192_41_fu_5846_p2            |     +    |   0|  0|  35|          28|          28|
    |add_ln1192_42_fu_5876_p2            |     +    |   0|  0|  35|          28|          28|
    |add_ln1192_43_fu_5903_p2            |     +    |   0|  0|  35|          28|          28|
    |add_ln1192_44_fu_6008_p2            |     +    |   0|  0|  35|          28|          28|
    |add_ln1192_45_fu_6050_p2            |     +    |   0|  0|  35|          28|          28|
    |add_ln1192_46_fu_6101_p2            |     +    |   0|  0|  35|          28|          28|
    |add_ln1192_47_fu_6124_p2            |     +    |   0|  0|  35|          28|          28|
    |add_ln1192_48_fu_6163_p2            |     +    |   0|  0|  35|          28|          28|
    |add_ln1192_49_fu_6186_p2            |     +    |   0|  0|  35|          28|          28|
    |add_ln1192_50_fu_6253_p2            |     +    |   0|  0|  35|          28|          28|
    |add_ln1192_51_fu_6279_p2            |     +    |   0|  0|  35|          28|          28|
    |add_ln1192_52_fu_6313_p2            |     +    |   0|  0|  35|          28|          28|
    |add_ln1192_53_fu_6336_p2            |     +    |   0|  0|  35|          28|          28|
    |add_ln1192_54_fu_6389_p2            |     +    |   0|  0|  35|          28|          28|
    |add_ln1192_55_fu_6413_p2            |     +    |   0|  0|  35|          28|          28|
    |add_ln1192_56_fu_6446_p2            |     +    |   0|  0|  35|          28|          28|
    |add_ln1192_57_fu_6472_p2            |     +    |   0|  0|  35|          28|          28|
    |add_ln1192_58_fu_6526_p2            |     +    |   0|  0|  35|          28|          28|
    |add_ln1192_59_fu_6553_p2            |     +    |   0|  0|  35|          28|          28|
    |add_ln1192_60_fu_6624_p2            |     +    |   0|  0|  35|          28|          28|
    |add_ln1192_61_fu_6678_p2            |     +    |   0|  0|  35|          28|          28|
    |add_ln1192_62_fu_6749_p2            |     +    |   0|  0|  35|          28|          28|
    |add_ln1192_63_fu_6783_p2            |     +    |   0|  0|  35|          28|          28|
    |add_ln1192_64_fu_6806_p2            |     +    |   0|  0|  35|          28|          28|
    |add_ln1192_65_fu_6859_p2            |     +    |   0|  0|  35|          28|          28|
    |add_ln1192_66_fu_6883_p2            |     +    |   0|  0|  35|          28|          28|
    |add_ln1192_67_fu_6936_p2            |     +    |   0|  0|  35|          28|          28|
    |add_ln1192_68_fu_6960_p2            |     +    |   0|  0|  35|          28|          28|
    |add_ln1192_69_fu_7013_p2            |     +    |   0|  0|  35|          28|          28|
    |add_ln1192_70_fu_7037_p2            |     +    |   0|  0|  35|          28|          28|
    |add_ln1192_71_fu_7090_p2            |     +    |   0|  0|  35|          28|          28|
    |add_ln1192_72_fu_7117_p2            |     +    |   0|  0|  35|          28|          28|
    |add_ln1192_73_fu_7151_p2            |     +    |   0|  0|  35|          28|          28|
    |add_ln1192_74_fu_7177_p2            |     +    |   0|  0|  35|          28|          28|
    |add_ln1192_75_fu_7231_p2            |     +    |   0|  0|  35|          28|          28|
    |add_ln1192_76_fu_7300_p2            |     +    |   0|  0|  35|          28|          28|
    |add_ln1192_77_fu_7368_p2            |     +    |   0|  0|  35|          28|          28|
    |add_ln1192_78_fu_7394_p2            |     +    |   0|  0|  35|          28|          28|
    |add_ln1192_79_fu_7437_p2            |     +    |   0|  0|  35|          28|          28|
    |add_ln1192_80_fu_7461_p2            |     +    |   0|  0|  35|          28|          28|
    |add_ln1192_81_fu_7520_p2            |     +    |   0|  0|  35|          28|          28|
    |add_ln1192_82_fu_7547_p2            |     +    |   0|  0|  35|          28|          28|
    |add_ln1192_83_fu_7607_p2            |     +    |   0|  0|  35|          28|          28|
    |add_ln1192_84_fu_7634_p2            |     +    |   0|  0|  35|          28|          28|
    |add_ln1192_85_fu_7694_p2            |     +    |   0|  0|  35|          28|          28|
    |add_ln1192_86_fu_7718_p2            |     +    |   0|  0|  35|          28|          28|
    |add_ln1192_87_fu_7743_p2            |     +    |   0|  0|  35|          28|          28|
    |add_ln1192_88_fu_7770_p2            |     +    |   0|  0|  35|          28|          28|
    |add_ln1192_89_fu_7793_p2            |     +    |   0|  0|  35|          28|          28|
    |add_ln1192_90_fu_7819_p2            |     +    |   0|  0|  35|          28|          28|
    |add_ln1192_91_fu_7845_p2            |     +    |   0|  0|  35|          28|          28|
    |add_ln1192_92_fu_7872_p2            |     +    |   0|  0|  35|          28|          28|
    |add_ln1192_93_fu_7898_p2            |     +    |   0|  0|  35|          28|          28|
    |add_ln15_1_fu_7944_p2               |     +    |   0|  0|  22|          15|          15|
    |add_ln15_2_fu_4319_p2               |     +    |   0|  0|  22|          15|          15|
    |add_ln15_fu_5321_p2                 |     +    |   0|  0|  22|          15|          15|
    |add_ln20_1_fu_3026_p2               |     +    |   0|  0|  15|           8|           1|
    |add_ln20_fu_3032_p2                 |     +    |   0|  0|  15|           1|           6|
    |add_ln21_fu_4219_p2                 |     +    |   0|  0|  12|           3|           1|
    |add_ln64_1_fu_4381_p2               |     +    |   0|  0|  15|           6|           2|
    |add_ln64_2_fu_4392_p2               |     +    |   0|  0|  15|           6|           2|
    |add_ln64_3_fu_4403_p2               |     +    |   0|  0|  15|           6|           3|
    |add_ln64_fu_4357_p2                 |     +    |   0|  0|  15|           6|           1|
    |add_ln703_1_fu_4491_p2              |     +    |   0|  0|  21|          14|          14|
    |add_ln703_2_fu_4506_p2              |     +    |   0|  0|  15|          15|          15|
    |add_ln703_fu_4451_p2                |     +    |   0|  0|  21|          14|          14|
    |add_ln79_fu_4623_p2                 |     +    |   0|  0|  15|           7|           1|
    |add_ln94_fu_5346_p2                 |     +    |   0|  0|  10|           2|           1|
    |pool1_out_V_d0                      |     +    |   0|  0|  15|          15|          15|
    |sub_ln1118_fu_7265_p2               |     -    |   0|  0|  33|          26|          26|
    |ap_block_pp0_stage0_11001           |    and   |   0|  0|   2|           1|           1|
    |ap_block_pp0_stage10_11001          |    and   |   0|  0|   2|           1|           1|
    |ap_block_pp0_stage11_11001          |    and   |   0|  0|   2|           1|           1|
    |ap_block_pp0_stage12_11001          |    and   |   0|  0|   2|           1|           1|
    |ap_block_pp0_stage13_11001          |    and   |   0|  0|   2|           1|           1|
    |ap_block_pp0_stage14_11001          |    and   |   0|  0|   2|           1|           1|
    |ap_block_pp0_stage15_11001          |    and   |   0|  0|   2|           1|           1|
    |ap_block_pp0_stage16_11001          |    and   |   0|  0|   2|           1|           1|
    |ap_block_pp0_stage17_11001          |    and   |   0|  0|   2|           1|           1|
    |ap_block_pp0_stage1_11001           |    and   |   0|  0|   2|           1|           1|
    |ap_block_pp0_stage2_11001           |    and   |   0|  0|   2|           1|           1|
    |ap_block_pp0_stage33_11001          |    and   |   0|  0|   2|           1|           1|
    |ap_block_pp0_stage34_11001          |    and   |   0|  0|   2|           1|           1|
    |ap_block_pp0_stage35_11001          |    and   |   0|  0|   2|           1|           1|
    |ap_block_pp0_stage36_11001          |    and   |   0|  0|   2|           1|           1|
    |ap_block_pp0_stage37_11001          |    and   |   0|  0|   2|           1|           1|
    |ap_block_pp0_stage38_11001          |    and   |   0|  0|   2|           1|           1|
    |ap_block_pp0_stage39_11001          |    and   |   0|  0|   2|           1|           1|
    |ap_block_pp0_stage3_11001           |    and   |   0|  0|   2|           1|           1|
    |ap_block_pp0_stage40_11001          |    and   |   0|  0|   2|           1|           1|
    |ap_block_pp0_stage41_11001          |    and   |   0|  0|   2|           1|           1|
    |ap_block_pp0_stage42_11001          |    and   |   0|  0|   2|           1|           1|
    |ap_block_pp0_stage43_11001          |    and   |   0|  0|   2|           1|           1|
    |ap_block_pp0_stage44_11001          |    and   |   0|  0|   2|           1|           1|
    |ap_block_pp0_stage45_11001          |    and   |   0|  0|   2|           1|           1|
    |ap_block_pp0_stage46_11001          |    and   |   0|  0|   2|           1|           1|
    |ap_block_pp0_stage47_11001          |    and   |   0|  0|   2|           1|           1|
    |ap_block_pp0_stage4_11001           |    and   |   0|  0|   2|           1|           1|
    |ap_block_pp0_stage5_11001           |    and   |   0|  0|   2|           1|           1|
    |ap_block_pp0_stage6_11001           |    and   |   0|  0|   2|           1|           1|
    |ap_block_pp0_stage7_11001           |    and   |   0|  0|   2|           1|           1|
    |ap_block_pp0_stage8_11001           |    and   |   0|  0|   2|           1|           1|
    |ap_block_pp0_stage9_11001           |    and   |   0|  0|   2|           1|           1|
    |ap_block_pp3_stage7_01001           |    and   |   0|  0|   2|           1|           1|
    |ap_block_state10_pp0_stage8_iter0   |    and   |   0|  0|   2|           1|           1|
    |ap_block_state11_pp0_stage9_iter0   |    and   |   0|  0|   2|           1|           1|
    |ap_block_state12_pp0_stage10_iter0  |    and   |   0|  0|   2|           1|           1|
    |ap_block_state13_pp0_stage11_iter0  |    and   |   0|  0|   2|           1|           1|
    |ap_block_state14_pp0_stage12_iter0  |    and   |   0|  0|   2|           1|           1|
    |ap_block_state159_pp3_stage7_iter1  |    and   |   0|  0|   2|           1|           1|
    |ap_block_state15_pp0_stage13_iter0  |    and   |   0|  0|   2|           1|           1|
    |ap_block_state16_pp0_stage14_iter0  |    and   |   0|  0|   2|           1|           1|
    |ap_block_state17_pp0_stage15_iter0  |    and   |   0|  0|   2|           1|           1|
    |ap_block_state18_pp0_stage16_iter0  |    and   |   0|  0|   2|           1|           1|
    |ap_block_state19_pp0_stage17_iter0  |    and   |   0|  0|   2|           1|           1|
    |ap_block_state35_pp0_stage33_iter0  |    and   |   0|  0|   2|           1|           1|
    |ap_block_state36_pp0_stage34_iter0  |    and   |   0|  0|   2|           1|           1|
    |ap_block_state37_pp0_stage35_iter0  |    and   |   0|  0|   2|           1|           1|
    |ap_block_state38_pp0_stage36_iter0  |    and   |   0|  0|   2|           1|           1|
    |ap_block_state39_pp0_stage37_iter0  |    and   |   0|  0|   2|           1|           1|
    |ap_block_state3_pp0_stage1_iter0    |    and   |   0|  0|   2|           1|           1|
    |ap_block_state40_pp0_stage38_iter0  |    and   |   0|  0|   2|           1|           1|
    |ap_block_state41_pp0_stage39_iter0  |    and   |   0|  0|   2|           1|           1|
    |ap_block_state42_pp0_stage40_iter0  |    and   |   0|  0|   2|           1|           1|
    |ap_block_state43_pp0_stage41_iter0  |    and   |   0|  0|   2|           1|           1|
    |ap_block_state44_pp0_stage42_iter0  |    and   |   0|  0|   2|           1|           1|
    |ap_block_state45_pp0_stage43_iter0  |    and   |   0|  0|   2|           1|           1|
    |ap_block_state46_pp0_stage44_iter0  |    and   |   0|  0|   2|           1|           1|
    |ap_block_state47_pp0_stage45_iter0  |    and   |   0|  0|   2|           1|           1|
    |ap_block_state48_pp0_stage46_iter0  |    and   |   0|  0|   2|           1|           1|
    |ap_block_state49_pp0_stage47_iter0  |    and   |   0|  0|   2|           1|           1|
    |ap_block_state4_pp0_stage2_iter0    |    and   |   0|  0|   2|           1|           1|
    |ap_block_state50_pp0_stage0_iter1   |    and   |   0|  0|   2|           1|           1|
    |ap_block_state5_pp0_stage3_iter0    |    and   |   0|  0|   2|           1|           1|
    |ap_block_state6_pp0_stage4_iter0    |    and   |   0|  0|   2|           1|           1|
    |ap_block_state7_pp0_stage5_iter0    |    and   |   0|  0|   2|           1|           1|
    |ap_block_state8_pp0_stage6_iter0    |    and   |   0|  0|   2|           1|           1|
    |ap_block_state9_pp0_stage7_iter0    |    and   |   0|  0|   2|           1|           1|
    |ap_condition_2692                   |    and   |   0|  0|   2|           1|           1|
    |ap_predicate_op345_read_state3      |    and   |   0|  0|   2|           1|           1|
    |ap_predicate_op705_read_state35     |    and   |   0|  0|   2|           1|           1|
    |empty_74_fu_3834_p2                 |   icmp   |   0|  0|   9|           3|           4|
    |empty_75_fu_3119_p2                 |   icmp   |   0|  0|   9|           3|           3|
    |empty_76_fu_3125_p2                 |   icmp   |   0|  0|   9|           3|           1|
    |icmp_ln1494_1_fu_5327_p2            |   icmp   |   0|  0|  13|          16|           1|
    |icmp_ln1494_2_fu_7950_p2            |   icmp   |   0|  0|  13|          16|           1|
    |icmp_ln1494_fu_4325_p2              |   icmp   |   0|  0|  13|          16|           1|
    |icmp_ln20_fu_3020_p2                |   icmp   |   0|  0|  11|           8|           8|
    |icmp_ln21_fu_3038_p2                |   icmp   |   0|  0|   9|           3|           3|
    |icmp_ln61_fu_4351_p2                |   icmp   |   0|  0|  11|           6|           7|
    |icmp_ln79_fu_4617_p2                |   icmp   |   0|  0|  11|           7|           8|
    |icmp_ln94_fu_5340_p2                |   icmp   |   0|  0|   9|           2|           3|
    |empty_77_fu_3131_p2                 |    or    |   0|  0|   2|           1|           1|
    |conv1_out_V_d0                      |  select  |   0|  0|  15|           1|          15|
    |fc1_out_V_d0                        |  select  |   0|  0|  15|           1|          15|
    |grp_fu_8688_p10                     |  select  |   0|  0|  10|           1|          10|
    |grp_fu_8695_p10                     |  select  |   0|  0|  11|           1|          10|
    |grp_fu_8701_p10                     |  select  |   0|  0|  11|           1|          11|
    |grp_fu_8707_p10                     |  select  |   0|  0|  10|           1|          10|
    |grp_fu_8714_p10                     |  select  |   0|  0|  11|           1|          10|
    |grp_fu_8727_p10                     |  select  |   0|  0|  11|           1|          11|
    |grp_fu_8733_p10                     |  select  |   0|  0|  10|           1|          10|
    |grp_fu_8739_p10                     |  select  |   0|  0|  11|           1|           9|
    |grp_fu_8745_p10                     |  select  |   0|  0|  11|           1|          11|
    |grp_fu_8751_p10                     |  select  |   0|  0|  11|           1|          11|
    |grp_fu_8758_p10                     |  select  |   0|  0|  11|           1|          11|
    |grp_fu_8765_p10                     |  select  |   0|  0|  11|           1|          11|
    |grp_fu_8772_p10                     |  select  |   0|  0|  11|           1|           7|
    |grp_fu_8779_p10                     |  select  |   0|  0|  11|           1|          11|
    |grp_fu_8785_p10                     |  select  |   0|  0|  11|           1|          11|
    |grp_fu_8791_p10                     |  select  |   0|  0|  11|           1|          11|
    |grp_fu_8797_p10                     |  select  |   0|  0|  11|           1|          11|
    |grp_fu_8803_p10                     |  select  |   0|  0|   9|           1|           9|
    |grp_fu_8809_p10                     |  select  |   0|  0|  11|           1|          11|
    |grp_fu_8815_p10                     |  select  |   0|  0|  10|           1|          10|
    |grp_fu_8821_p10                     |  select  |   0|  0|  10|           1|           8|
    |grp_fu_8827_p10                     |  select  |   0|  0|  11|           1|          10|
    |grp_fu_8833_p10                     |  select  |   0|  0|  11|           1|          10|
    |mul_ln1118_10_fu_5796_p10           |  select  |   0|  0|  12|           1|          12|
    |mul_ln1118_23_fu_6608_p10           |  select  |   0|  0|  11|           1|          11|
    |mul_ln1118_25_fu_6722_p10           |  select  |   0|  0|  12|           1|          12|
    |mul_ln1118_30_fu_7063_p10           |  select  |   0|  0|  11|           1|          11|
    |mul_ln1118_35_fu_7327_p10           |  select  |   0|  0|  12|           1|          12|
    |mul_ln1118_36_fu_7344_p10           |  select  |   0|  0|  11|           1|          11|
    |mul_ln1118_38_fu_7487_p10           |  select  |   0|  0|  11|           1|          11|
    |mul_ln1118_39_fu_7574_p10           |  select  |   0|  0|  11|           1|          11|
    |mul_ln1118_40_fu_7591_p10           |  select  |   0|  0|  12|           1|          12|
    |mul_ln1118_41_fu_7661_p10           |  select  |   0|  0|  12|           1|          12|
    |mul_ln1118_42_fu_7678_p10           |  select  |   0|  0|  12|           1|          12|
    |mul_ln1118_6_fu_5406_p10            |  select  |   0|  0|  12|           1|          12|
    |mul_ln1118_8_fu_5542_p10            |  select  |   0|  0|  12|           1|          12|
    |mul_ln1118_9_fu_5559_p10            |  select  |   0|  0|  12|           1|          12|
    |mul_ln1192_25_fu_5930_p10           |  select  |   0|  0|  14|           1|          11|
    |mul_ln1192_26_fu_6705_p10           |  select  |   0|  0|  14|           1|          13|
    |mul_ln1192_27_fu_6832_p10           |  select  |   0|  0|  14|           1|          14|
    |mul_ln1192_28_fu_7421_p10           |  select  |   0|  0|  14|           1|           7|
    |mul_ln703_10_fu_5964_p10            |  select  |   0|  0|  13|           1|          12|
    |mul_ln703_11_fu_5981_p10            |  select  |   0|  0|  12|           1|          12|
    |mul_ln703_12_fu_6077_p10            |  select  |   0|  0|  13|           1|          13|
    |mul_ln703_13_fu_6150_p10            |  select  |   0|  0|  13|           1|          13|
    |mul_ln703_14_fu_6212_p10            |  select  |   0|  0|  13|           1|          11|
    |mul_ln703_15_fu_6229_p10            |  select  |   0|  0|  12|           1|          11|
    |mul_ln703_16_fu_6362_p10            |  select  |   0|  0|  13|           1|          11|
    |mul_ln703_17_fu_6510_p10            |  select  |   0|  0|  13|           1|          13|
    |mul_ln703_18_fu_6591_p10            |  select  |   0|  0|  13|           1|          13|
    |mul_ln703_19_fu_6651_p10            |  select  |   0|  0|  13|           1|          10|
    |mul_ln703_20_fu_6909_p10            |  select  |   0|  0|  13|           1|          11|
    |mul_ln703_21_fu_6986_p10            |  select  |   0|  0|  13|           1|          11|
    |mul_ln703_22_fu_7204_p10            |  select  |   0|  0|  13|           1|          13|
    |mul_ln703_23_fu_7504_p10            |  select  |   0|  0|  13|           1|          13|
    |mul_ln703_3_fu_5378_p10             |  select  |   0|  0|  13|           1|          13|
    |mul_ln703_4_fu_5459_p10             |  select  |   0|  0|  13|           1|          10|
    |mul_ln703_5_fu_5476_p10             |  select  |   0|  0|  13|           1|          13|
    |mul_ln703_6_fu_5625_p10             |  select  |   0|  0|  13|           1|          12|
    |mul_ln703_7_fu_5642_p10             |  select  |   0|  0|  12|           1|          12|
    |mul_ln703_8_fu_5723_p10             |  select  |   0|  0|  13|           1|          13|
    |mul_ln703_9_fu_5947_p10             |  select  |   0|  0|  13|           1|          13|
    |select_ln1118_24_fu_7271_p3         |  select  |   0|  0|  26|           1|          26|
    |select_ln17_2_fu_7956_p3            |  select  |   0|  0|  15|           1|          15|
    |select_ln20_1_fu_4196_p3            |  select  |   0|  0|   6|           1|           6|
    |select_ln20_3_fu_3060_p3            |  select  |   0|  0|   5|           1|           5|
    |select_ln20_fu_3044_p3              |  select  |   0|  0|   3|           1|           1|
    |select_ln703_22_fu_7914_p3          |  select  |   0|  0|  10|           1|          10|
    |select_ln703_23_fu_7921_p3          |  select  |   0|  0|  10|           1|          10|
    |select_ln703_fu_6026_p3             |  select  |   0|  0|  28|           1|          28|
    |ap_enable_pp0                       |    xor   |   0|  0|   2|           1|           2|
    |ap_enable_pp1                       |    xor   |   0|  0|   2|           1|           2|
    |ap_enable_pp2                       |    xor   |   0|  0|   2|           1|           2|
    |ap_enable_pp3                       |    xor   |   0|  0|   2|           1|           2|
    |ap_enable_reg_pp2_iter1             |    xor   |   0|  0|   2|           2|           1|
    +------------------------------------+----------+----+---+----+------------+------------+
    |Total                               |          |   0|  0|3711|        2219|        2906|
    +------------------------------------+----------+----+---+----+------------+------------+

    * Multiplexer: 
    +------------------------------------------+-----+-----------+-----+-----------+
    |                   Name                   | LUT | Input Size| Bits| Total Bits|
    +------------------------------------------+-----+-----------+-----+-----------+
    |ap_NS_fsm                                 |  465|        106|    1|        106|
    |ap_enable_reg_pp0_iter1                   |    9|          2|    1|          2|
    |ap_enable_reg_pp1_iter2                   |    9|          2|    1|          2|
    |ap_enable_reg_pp2_iter1                   |    9|          2|    1|          2|
    |ap_enable_reg_pp2_iter36                  |    9|          2|    1|          2|
    |ap_enable_reg_pp3_iter1                   |    9|          2|    1|          2|
    |ap_phi_mux_channel_offset_phi_fu_2583_p4  |    9|          2|    3|          6|
    |ap_phi_mux_empty_42_phi_fu_2606_p4        |    9|          2|   16|         32|
    |ap_phi_mux_empty_43_phi_fu_2618_p4        |    9|          2|   16|         32|
    |ap_phi_mux_empty_44_phi_fu_2630_p4        |    9|          2|   16|         32|
    |ap_phi_mux_empty_45_phi_fu_2642_p4        |    9|          2|   16|         32|
    |ap_phi_mux_empty_46_phi_fu_2654_p4        |    9|          2|   16|         32|
    |ap_phi_mux_empty_47_phi_fu_2666_p4        |    9|          2|   16|         32|
    |ap_phi_mux_empty_48_phi_fu_2678_p4        |    9|          2|   16|         32|
    |ap_phi_mux_empty_49_phi_fu_2690_p4        |    9|          2|   16|         32|
    |ap_phi_mux_empty_50_phi_fu_2702_p4        |    9|          2|   16|         32|
    |ap_phi_mux_empty_51_phi_fu_2714_p4        |    9|          2|   16|         32|
    |ap_phi_mux_empty_52_phi_fu_2726_p4        |    9|          2|   16|         32|
    |ap_phi_mux_empty_53_phi_fu_2738_p4        |    9|          2|   16|         32|
    |ap_phi_mux_empty_54_phi_fu_2750_p4        |    9|          2|   16|         32|
    |ap_phi_mux_empty_55_phi_fu_2762_p4        |    9|          2|   16|         32|
    |ap_phi_mux_empty_56_phi_fu_2774_p4        |    9|          2|   16|         32|
    |ap_phi_mux_empty_57_phi_fu_2786_p4        |    9|          2|   16|         32|
    |ap_phi_mux_empty_58_phi_fu_2798_p4        |    9|          2|   16|         32|
    |ap_phi_mux_empty_59_phi_fu_2810_p4        |    9|          2|   16|         32|
    |ap_phi_mux_empty_60_phi_fu_2822_p4        |    9|          2|   16|         32|
    |ap_phi_mux_empty_61_phi_fu_2834_p4        |    9|          2|   16|         32|
    |ap_phi_mux_empty_62_phi_fu_2846_p4        |    9|          2|   16|         32|
    |ap_phi_mux_empty_63_phi_fu_2858_p4        |    9|          2|   16|         32|
    |ap_phi_mux_empty_64_phi_fu_2870_p4        |    9|          2|   16|         32|
    |ap_phi_mux_empty_65_phi_fu_2882_p4        |    9|          2|   16|         32|
    |ap_phi_mux_empty_66_phi_fu_2894_p4        |    9|          2|   16|         32|
    |ap_phi_mux_empty_67_phi_fu_2906_p4        |    9|          2|   16|         32|
    |ap_phi_mux_empty_68_phi_fu_2918_p4        |    9|          2|   16|         32|
    |ap_phi_mux_empty_69_phi_fu_2930_p4        |    9|          2|   16|         32|
    |ap_phi_mux_empty_70_phi_fu_2942_p4        |    9|          2|   16|         32|
    |ap_phi_mux_empty_phi_fu_2594_p4           |    9|          2|   16|         32|
    |ap_phi_mux_filter_phi_fu_2571_p4          |    9|          2|    6|         12|
    |ap_phi_mux_i_1_phi_fu_2999_p4             |    9|          2|    2|          4|
    |ap_phi_mux_indvar_flatten_phi_fu_2560_p4  |    9|          2|    8|         16|
    |ap_phi_mux_j_phi_fu_2976_p4               |    9|          2|    6|         12|
    |ap_phi_reg_pp0_iter1_empty_71_reg_2950    |    9|          2|   16|         32|
    |ap_phi_reg_pp0_iter1_empty_72_reg_2961    |    9|          2|   16|         32|
    |channel_offset_reg_2579                   |    9|          2|    3|          6|
    |conv1_out_V_address0                      |   21|          4|    8|         32|
    |conv1_out_V_address1                      |   21|          4|    8|         32|
    |datain_blk_n                              |    9|          2|    1|          2|
    |fc1_out_V_address0                        |  153|         34|    6|        204|
    |fc1_out_V_address1                        |  149|         33|    6|        198|
    |filter_reg_2567                           |    9|          2|    6|         12|
    |i_1_reg_2995                              |    9|          2|    2|          4|
    |i_reg_2984                                |    9|          2|    7|         14|
    |indvar_flatten_reg_2556                   |    9|          2|    8|         16|
    |j_reg_2972                                |    9|          2|    6|         12|
    |op_out_blk_n                              |    9|          2|    1|          2|
    |pool1_out_V_address0                      |   89|         18|    5|         90|
    |pool1_out_V_address1                      |   85|         17|    5|         85|
    |reg_3006                                  |    9|          2|   15|         30|
    |reg_3011                                  |    9|          2|   15|         30|
    +------------------------------------------+-----+-----------+-----+-----------+
    |Total                                     | 1451|        320|  645|       1959|
    +------------------------------------------+-----+-----------+-----+-----------+

    * Register: 
    +-----------------------------------------+-----+----+-----+-----------+
    |                   Name                  |  FF | LUT| Bits| Const Bits|
    +-----------------------------------------+-----+----+-----+-----------+
    |add_ln15_1_reg_12285                     |   15|   0|   15|          0|
    |add_ln15_2_reg_10101                     |   15|   0|   15|          0|
    |add_ln15_reg_11196                       |   15|   0|   15|          0|
    |add_ln20_1_reg_8843                      |    8|   0|    8|          0|
    |add_ln20_reg_8848                        |    6|   0|    6|          0|
    |add_ln21_reg_10035                       |    3|   0|    3|          0|
    |add_ln64_3_reg_10155                     |    6|   0|    6|          0|
    |add_ln64_reg_10115                       |    6|   0|    6|          0|
    |add_ln703_1_reg_10195                    |   14|   0|   14|          0|
    |add_ln703_reg_10180                      |   14|   0|   14|          0|
    |add_ln94_reg_11530                       |    2|   0|    2|          0|
    |ap_CS_fsm                                |  105|   0|  105|          0|
    |ap_enable_reg_pp0_iter0                  |    1|   0|    1|          0|
    |ap_enable_reg_pp0_iter1                  |    1|   0|    1|          0|
    |ap_enable_reg_pp1_iter0                  |    1|   0|    1|          0|
    |ap_enable_reg_pp1_iter1                  |    1|   0|    1|          0|
    |ap_enable_reg_pp1_iter2                  |    1|   0|    1|          0|
    |ap_enable_reg_pp2_iter0                  |    1|   0|    1|          0|
    |ap_enable_reg_pp2_iter1                  |    1|   0|    1|          0|
    |ap_enable_reg_pp2_iter10                 |    1|   0|    1|          0|
    |ap_enable_reg_pp2_iter11                 |    1|   0|    1|          0|
    |ap_enable_reg_pp2_iter12                 |    1|   0|    1|          0|
    |ap_enable_reg_pp2_iter13                 |    1|   0|    1|          0|
    |ap_enable_reg_pp2_iter14                 |    1|   0|    1|          0|
    |ap_enable_reg_pp2_iter15                 |    1|   0|    1|          0|
    |ap_enable_reg_pp2_iter16                 |    1|   0|    1|          0|
    |ap_enable_reg_pp2_iter17                 |    1|   0|    1|          0|
    |ap_enable_reg_pp2_iter18                 |    1|   0|    1|          0|
    |ap_enable_reg_pp2_iter19                 |    1|   0|    1|          0|
    |ap_enable_reg_pp2_iter2                  |    1|   0|    1|          0|
    |ap_enable_reg_pp2_iter20                 |    1|   0|    1|          0|
    |ap_enable_reg_pp2_iter21                 |    1|   0|    1|          0|
    |ap_enable_reg_pp2_iter22                 |    1|   0|    1|          0|
    |ap_enable_reg_pp2_iter23                 |    1|   0|    1|          0|
    |ap_enable_reg_pp2_iter24                 |    1|   0|    1|          0|
    |ap_enable_reg_pp2_iter25                 |    1|   0|    1|          0|
    |ap_enable_reg_pp2_iter26                 |    1|   0|    1|          0|
    |ap_enable_reg_pp2_iter27                 |    1|   0|    1|          0|
    |ap_enable_reg_pp2_iter28                 |    1|   0|    1|          0|
    |ap_enable_reg_pp2_iter29                 |    1|   0|    1|          0|
    |ap_enable_reg_pp2_iter3                  |    1|   0|    1|          0|
    |ap_enable_reg_pp2_iter30                 |    1|   0|    1|          0|
    |ap_enable_reg_pp2_iter31                 |    1|   0|    1|          0|
    |ap_enable_reg_pp2_iter32                 |    1|   0|    1|          0|
    |ap_enable_reg_pp2_iter33                 |    1|   0|    1|          0|
    |ap_enable_reg_pp2_iter34                 |    1|   0|    1|          0|
    |ap_enable_reg_pp2_iter35                 |    1|   0|    1|          0|
    |ap_enable_reg_pp2_iter36                 |    1|   0|    1|          0|
    |ap_enable_reg_pp2_iter4                  |    1|   0|    1|          0|
    |ap_enable_reg_pp2_iter5                  |    1|   0|    1|          0|
    |ap_enable_reg_pp2_iter6                  |    1|   0|    1|          0|
    |ap_enable_reg_pp2_iter7                  |    1|   0|    1|          0|
    |ap_enable_reg_pp2_iter8                  |    1|   0|    1|          0|
    |ap_enable_reg_pp2_iter9                  |    1|   0|    1|          0|
    |ap_enable_reg_pp3_iter0                  |    1|   0|    1|          0|
    |ap_enable_reg_pp3_iter1                  |    1|   0|    1|          0|
    |ap_phi_reg_pp0_iter1_empty_71_reg_2950   |   16|   0|   16|          0|
    |ap_phi_reg_pp0_iter1_empty_72_reg_2961   |   16|   0|   16|          0|
    |channel_offset_reg_2579                  |    3|   0|    3|          0|
    |conv_layer_bias_V_load_reg_10070         |   12|   0|   12|          0|
    |conv_layer_weights_V_0_10_load_reg_9160  |   12|   0|   12|          0|
    |conv_layer_weights_V_0_11_load_reg_9165  |   12|   0|   12|          0|
    |conv_layer_weights_V_0_12_load_reg_9170  |   12|   0|   12|          0|
    |conv_layer_weights_V_0_13_load_reg_9175  |   12|   0|   12|          0|
    |conv_layer_weights_V_0_14_load_reg_9180  |   12|   0|   12|          0|
    |conv_layer_weights_V_0_15_load_reg_9185  |   13|   0|   13|          0|
    |conv_layer_weights_V_0_1_load_reg_9115   |   12|   0|   12|          0|
    |conv_layer_weights_V_0_2_load_reg_9120   |   12|   0|   12|          0|
    |conv_layer_weights_V_0_3_load_reg_9125   |   12|   0|   12|          0|
    |conv_layer_weights_V_0_4_load_reg_9130   |   13|   0|   13|          0|
    |conv_layer_weights_V_0_5_load_reg_9135   |   12|   0|   12|          0|
    |conv_layer_weights_V_0_6_load_reg_9140   |   12|   0|   12|          0|
    |conv_layer_weights_V_0_7_load_reg_9145   |   12|   0|   12|          0|
    |conv_layer_weights_V_0_8_load_reg_9150   |   13|   0|   13|          0|
    |conv_layer_weights_V_0_9_load_reg_9155   |   12|   0|   12|          0|
    |conv_layer_weights_V_1_0_load_reg_9190   |   13|   0|   13|          0|
    |conv_layer_weights_V_1_10_load_reg_9240  |   13|   0|   13|          0|
    |conv_layer_weights_V_1_11_load_reg_9245  |   12|   0|   12|          0|
    |conv_layer_weights_V_1_12_load_reg_9250  |   13|   0|   13|          0|
    |conv_layer_weights_V_1_13_load_reg_9255  |   12|   0|   12|          0|
    |conv_layer_weights_V_1_14_load_reg_9260  |   12|   0|   12|          0|
    |conv_layer_weights_V_1_15_load_reg_9265  |   12|   0|   12|          0|
    |conv_layer_weights_V_1_1_load_reg_9195   |   12|   0|   12|          0|
    |conv_layer_weights_V_1_2_load_reg_9200   |   12|   0|   12|          0|
    |conv_layer_weights_V_1_3_load_reg_9205   |   13|   0|   13|          0|
    |conv_layer_weights_V_1_4_load_reg_9210   |   13|   0|   13|          0|
    |conv_layer_weights_V_1_5_load_reg_9215   |   12|   0|   12|          0|
    |conv_layer_weights_V_1_6_load_reg_9220   |   12|   0|   12|          0|
    |conv_layer_weights_V_1_7_load_reg_9225   |   12|   0|   12|          0|
    |conv_layer_weights_V_1_8_load_reg_9230   |   13|   0|   13|          0|
    |conv_layer_weights_V_1_9_load_reg_9235   |   13|   0|   13|          0|
    |conv_layer_weights_V_2_0_load_reg_9270   |   13|   0|   13|          0|
    |conv_layer_weights_V_2_10_load_reg_9320  |   12|   0|   12|          0|
    |conv_layer_weights_V_2_11_load_reg_9325  |   12|   0|   12|          0|
    |conv_layer_weights_V_2_12_load_reg_9330  |   13|   0|   13|          0|
    |conv_layer_weights_V_2_13_load_reg_9335  |   12|   0|   12|          0|
    |conv_layer_weights_V_2_14_load_reg_9340  |   12|   0|   12|          0|
    |conv_layer_weights_V_2_1_load_reg_9275   |   12|   0|   12|          0|
    |conv_layer_weights_V_2_2_load_reg_9280   |   12|   0|   12|          0|
    |conv_layer_weights_V_2_3_load_reg_9285   |   12|   0|   12|          0|
    |conv_layer_weights_V_2_4_load_reg_9290   |   13|   0|   13|          0|
    |conv_layer_weights_V_2_5_load_reg_9295   |   12|   0|   12|          0|
    |conv_layer_weights_V_2_6_load_reg_9300   |   12|   0|   12|          0|
    |conv_layer_weights_V_2_7_load_reg_9305   |   12|   0|   12|          0|
    |conv_layer_weights_V_2_8_load_reg_9310   |   13|   0|   13|          0|
    |conv_layer_weights_V_2_9_load_reg_9315   |   13|   0|   13|          0|
    |empty_74_reg_9795                        |    1|   0|    1|          0|
    |empty_77_reg_9106                        |    1|   0|    1|          0|
    |filter_reg_2567                          |    6|   0|    6|          0|
    |i_1_reg_2995                             |    2|   0|    2|          0|
    |i_cast_reg_10679                         |    7|   0|   64|         57|
    |i_reg_2984                               |    7|   0|    7|          0|
    |icmp_ln1494_1_reg_11201                  |    1|   0|    1|          0|
    |icmp_ln1494_2_reg_12290                  |    1|   0|    1|          0|
    |icmp_ln1494_reg_10106                    |    1|   0|    1|          0|
    |icmp_ln20_reg_8839                       |    1|   0|    1|          0|
    |icmp_ln20_reg_8839_pp0_iter1_reg         |    1|   0|    1|          0|
    |icmp_ln21_reg_8853                       |    1|   0|    1|          0|
    |icmp_ln61_reg_10111                      |    1|   0|    1|          0|
    |icmp_ln79_reg_10670                      |    1|   0|    1|          0|
    |icmp_ln94_reg_11526                      |    1|   0|    1|          0|
    |icmp_ln94_reg_11526_pp3_iter1_reg        |    1|   0|    1|          0|
    |indvar_flatten_reg_2556                  |    8|   0|    8|          0|
    |j_cast_reg_10120                         |    6|   0|   64|         58|
    |j_reg_2972                               |    6|   0|    6|          0|
    |mul_ln1118_10_reg_11720                  |   27|   0|   27|          0|
    |mul_ln1118_11_reg_11735                  |   26|   0|   26|          0|
    |mul_ln1118_13_reg_11765                  |   26|   0|   26|          0|
    |mul_ln1118_15_reg_11825                  |   26|   0|   26|          0|
    |mul_ln1118_16_reg_11855                  |   25|   0|   25|          0|
    |mul_ln1118_17_reg_11895                  |   26|   0|   26|          0|
    |mul_ln1118_18_reg_11910                  |   26|   0|   26|          0|
    |mul_ln1118_23_reg_11955                  |   27|   0|   27|          0|
    |mul_ln1118_24_reg_12025                  |   26|   0|   26|          0|
    |mul_ln1118_25_reg_11990                  |   27|   0|   27|          0|
    |mul_ln1118_26_reg_12050                  |   26|   0|   26|          0|
    |mul_ln1118_27_reg_12075                  |   26|   0|   26|          0|
    |mul_ln1118_28_reg_12100                  |   26|   0|   26|          0|
    |mul_ln1118_29_reg_12125                  |   24|   0|   24|          0|
    |mul_ln1118_30_reg_12105                  |   27|   0|   27|          0|
    |mul_ln1118_31_reg_12145                  |   26|   0|   26|          0|
    |mul_ln1118_32_reg_12170                  |   25|   0|   25|          0|
    |mul_ln1118_33_reg_12200                  |   26|   0|   26|          0|
    |mul_ln1118_34_reg_12215                  |   26|   0|   26|          0|
    |mul_ln1118_35_reg_12175                  |   27|   0|   27|          0|
    |mul_ln1118_36_reg_12180                  |   27|   0|   27|          0|
    |mul_ln1118_37_reg_12235                  |   26|   0|   26|          0|
    |mul_ln1118_38_reg_12220                  |   27|   0|   27|          0|
    |mul_ln1118_39_reg_12240                  |   27|   0|   27|          0|
    |mul_ln1118_40_reg_12245                  |   27|   0|   27|          0|
    |mul_ln1118_41_reg_12255                  |   27|   0|   27|          0|
    |mul_ln1118_42_reg_12260                  |   27|   0|   27|          0|
    |mul_ln1118_6_reg_11630                   |   27|   0|   27|          0|
    |mul_ln1118_7_reg_11650                   |   26|   0|   26|          0|
    |mul_ln1118_8_reg_11660                   |   27|   0|   27|          0|
    |mul_ln1118_9_reg_11665                   |   27|   0|   27|          0|
    |mul_ln1192_25_reg_11755                  |   28|   0|   28|          0|
    |mul_ln1192_26_reg_11985                  |   28|   0|   28|          0|
    |mul_ln1192_27_reg_12030                  |   28|   0|   28|          0|
    |mul_ln1192_28_reg_12205                  |   28|   0|   28|          0|
    |mul_ln703_10_reg_11770                   |   28|   0|   28|          0|
    |mul_ln703_11_reg_11775                   |   28|   0|   28|          0|
    |mul_ln703_12_reg_11795                   |   28|   0|   28|          0|
    |mul_ln703_13_reg_11815                   |   28|   0|   28|          0|
    |mul_ln703_14_reg_11830                   |   28|   0|   28|          0|
    |mul_ln703_15_reg_11835                   |   28|   0|   28|          0|
    |mul_ln703_16_reg_11875                   |   28|   0|   28|          0|
    |mul_ln703_17_reg_11930                   |   28|   0|   28|          0|
    |mul_ln703_18_reg_11950                   |   28|   0|   28|          0|
    |mul_ln703_19_reg_11965                   |   28|   0|   28|          0|
    |mul_ln703_20_reg_12055                   |   28|   0|   28|          0|
    |mul_ln703_21_reg_12080                   |   28|   0|   28|          0|
    |mul_ln703_22_reg_12150                   |   28|   0|   28|          0|
    |mul_ln703_23_reg_12225                   |   28|   0|   28|          0|
    |mul_ln703_3_reg_11615                    |   28|   0|   28|          0|
    |mul_ln703_4_reg_11640                    |   28|   0|   28|          0|
    |mul_ln703_5_reg_11645                    |   28|   0|   28|          0|
    |mul_ln703_6_reg_11675                    |   28|   0|   28|          0|
    |mul_ln703_7_reg_11680                    |   28|   0|   28|          0|
    |mul_ln703_8_reg_11700                    |   28|   0|   28|          0|
    |mul_ln703_9_reg_11760                    |   28|   0|   28|          0|
    |pool1_out_V_load_10_reg_10310            |   15|   0|   15|          0|
    |pool1_out_V_load_11_reg_10315            |   15|   0|   15|          0|
    |pool1_out_V_load_12_reg_10330            |   15|   0|   15|          0|
    |pool1_out_V_load_13_reg_10335            |   15|   0|   15|          0|
    |pool1_out_V_load_14_reg_10350            |   15|   0|   15|          0|
    |pool1_out_V_load_15_reg_10355            |   15|   0|   15|          0|
    |pool1_out_V_load_16_reg_10370            |   15|   0|   15|          0|
    |pool1_out_V_load_17_reg_10375            |   15|   0|   15|          0|
    |pool1_out_V_load_18_reg_10390            |   15|   0|   15|          0|
    |pool1_out_V_load_19_reg_10395            |   15|   0|   15|          0|
    |pool1_out_V_load_1_reg_10215             |   15|   0|   15|          0|
    |pool1_out_V_load_20_reg_10410            |   15|   0|   15|          0|
    |pool1_out_V_load_21_reg_10415            |   15|   0|   15|          0|
    |pool1_out_V_load_22_reg_10430            |   15|   0|   15|          0|
    |pool1_out_V_load_23_reg_10435            |   15|   0|   15|          0|
    |pool1_out_V_load_24_reg_10450            |   15|   0|   15|          0|
    |pool1_out_V_load_25_reg_10455            |   15|   0|   15|          0|
    |pool1_out_V_load_26_reg_10470            |   15|   0|   15|          0|
    |pool1_out_V_load_27_reg_10475            |   15|   0|   15|          0|
    |pool1_out_V_load_28_reg_10490            |   15|   0|   15|          0|
    |pool1_out_V_load_29_reg_10495            |   15|   0|   15|          0|
    |pool1_out_V_load_2_reg_10230             |   15|   0|   15|          0|
    |pool1_out_V_load_3_reg_10235             |   15|   0|   15|          0|
    |pool1_out_V_load_4_reg_10250             |   15|   0|   15|          0|
    |pool1_out_V_load_5_reg_10255             |   15|   0|   15|          0|
    |pool1_out_V_load_6_reg_10270             |   15|   0|   15|          0|
    |pool1_out_V_load_7_reg_10275             |   15|   0|   15|          0|
    |pool1_out_V_load_8_reg_10290             |   15|   0|   15|          0|
    |pool1_out_V_load_9_reg_10295             |   15|   0|   15|          0|
    |pool1_out_V_load_reg_10210               |   15|   0|   15|          0|
    |reg_3006                                 |   15|   0|   15|          0|
    |reg_3011                                 |   15|   0|   15|          0|
    |reg_3016                                 |   15|   0|   15|          0|
    |select_ln20_1_reg_10019                  |    6|   0|    6|          0|
    |select_ln20_reg_8858                     |    3|   0|    3|          0|
    |select_ln20_reg_8858_pp0_iter1_reg       |    3|   0|    3|          0|
    |tmp_139_reg_10081                        |   16|   0|   16|          0|
    |tmp_36_reg_11635                         |   16|   0|   16|          0|
    |tmp_38_reg_11655                         |   16|   0|   16|          0|
    |tmp_40_reg_11670                         |   16|   0|   16|          0|
    |tmp_42_reg_11695                         |   16|   0|   16|          0|
    |tmp_44_reg_11715                         |   16|   0|   16|          0|
    |tmp_46_reg_11740                         |   16|   0|   16|          0|
    |tmp_48_reg_11750                         |   16|   0|   16|          0|
    |tmp_50_reg_11790                         |   16|   0|   16|          0|
    |tmp_52_reg_11810                         |   16|   0|   16|          0|
    |tmp_54_reg_11820                         |   16|   0|   16|          0|
    |tmp_56_reg_11850                         |   16|   0|   16|          0|
    |tmp_58_reg_11870                         |   16|   0|   16|          0|
    |tmp_60_reg_11890                         |   16|   0|   16|          0|
    |tmp_62_reg_11915                         |   16|   0|   16|          0|
    |tmp_64_reg_11935                         |   16|   0|   16|          0|
    |tmp_65_reg_11960                         |   16|   0|   16|          0|
    |tmp_66_reg_11980                         |   16|   0|   16|          0|
    |tmp_67_reg_12005                         |   16|   0|   16|          0|
    |tmp_69_reg_12020                         |   16|   0|   16|          0|
    |tmp_71_reg_12045                         |   16|   0|   16|          0|
    |tmp_73_reg_12070                         |   16|   0|   16|          0|
    |tmp_75_reg_12095                         |   16|   0|   16|          0|
    |tmp_77_reg_12120                         |   16|   0|   16|          0|
    |tmp_79_reg_12140                         |   16|   0|   16|          0|
    |tmp_81_reg_12165                         |   16|   0|   16|          0|
    |tmp_83_reg_12195                         |   16|   0|   16|          0|
    |tmp_85_reg_12210                         |   16|   0|   16|          0|
    |tmp_87_reg_12230                         |   16|   0|   16|          0|
    |tmp_89_reg_12250                         |   16|   0|   16|          0|
    |tmp_91_reg_12265                         |   16|   0|   16|          0|
    |tmp_93_reg_12270                         |   16|   0|   16|          0|
    |tmp_95_reg_12275                         |   16|   0|   16|          0|
    |tmp_97_reg_12280                         |   16|   0|   16|          0|
    |trunc_ln1_reg_10185                      |   13|   0|   13|          0|
    |trunc_ln64_2_reg_10190                   |   13|   0|   13|          0|
    |trunc_ln97_reg_11535                     |    1|   0|    1|          0|
    |trunc_ln97_reg_11535_pp3_iter1_reg       |    1|   0|    1|          0|
    |zext_ln1116_10_reg_10640                 |   15|   0|   27|         12|
    |zext_ln1116_11_reg_10655                 |   15|   0|   26|         11|
    |zext_ln1116_1_reg_10535                  |   15|   0|   26|         11|
    |zext_ln1116_2_reg_10570                  |   15|   0|   28|         13|
    |zext_ln1116_3_reg_10580                  |   15|   0|   26|         11|
    |zext_ln1116_4_reg_10585                  |   15|   0|   26|         11|
    |zext_ln1116_5_reg_10595                  |   15|   0|   26|         11|
    |zext_ln1116_6_reg_10615                  |   15|   0|   28|         13|
    |zext_ln1116_7_reg_10620                  |   15|   0|   28|         13|
    |zext_ln1116_8_reg_10630                  |   15|   0|   28|         13|
    |zext_ln1116_9_reg_10635                  |   15|   0|   28|         13|
    |zext_ln1116_reg_10520                    |   15|   0|   28|         13|
    |zext_ln1192_10_reg_10590                 |   15|   0|   28|         13|
    |zext_ln1192_11_reg_10600                 |   15|   0|   28|         13|
    |zext_ln1192_12_reg_10605                 |   15|   0|   28|         13|
    |zext_ln1192_13_reg_10610                 |   15|   0|   28|         13|
    |zext_ln1192_14_reg_10625                 |   15|   0|   28|         13|
    |zext_ln1192_15_reg_10645                 |   15|   0|   28|         13|
    |zext_ln1192_16_reg_10650                 |   15|   0|   28|         13|
    |zext_ln1192_17_reg_10660                 |   15|   0|   28|         13|
    |zext_ln1192_18_reg_10665                 |   15|   0|   28|         13|
    |zext_ln1192_1_reg_10525                  |   15|   0|   28|         13|
    |zext_ln1192_2_reg_10530                  |   15|   0|   28|         13|
    |zext_ln1192_3_reg_10540                  |   15|   0|   28|         13|
    |zext_ln1192_4_reg_10545                  |   15|   0|   28|         13|
    |zext_ln1192_5_reg_10550                  |   15|   0|   28|         13|
    |zext_ln1192_6_reg_10555                  |   15|   0|   28|         13|
    |zext_ln1192_7_reg_10560                  |   15|   0|   28|         13|
    |zext_ln1192_8_reg_10565                  |   15|   0|   28|         13|
    |zext_ln1192_9_reg_10575                  |   15|   0|   28|         13|
    |zext_ln1192_reg_10515                    |   15|   0|   28|         13|
    |zext_ln20_reg_8865                       |    5|   0|   64|         59|
    |zext_ln708_reg_10510                     |   15|   0|   28|         13|
    |i_cast_reg_10679                         |   64|  32|   64|         57|
    |icmp_ln61_reg_10111                      |   64|  32|    1|          0|
    |icmp_ln79_reg_10670                      |   64|  32|    1|          0|
    |j_cast_reg_10120                         |   64|  32|   64|         58|
    +-----------------------------------------+-----+----+-----+-----------+
    |Total                                    | 4257| 128| 4710|        694|
    +-----------------------------------------+-----+----+-----+-----------+



================================================================
== Interface
================================================================
* Summary: 
+----------------+-----+-----+------------+--------------+--------------+
|    RTL Ports   | Dir | Bits|  Protocol  | Source Object|    C Type    |
+----------------+-----+-----+------------+--------------+--------------+
|ap_clk          |  in |    1| ap_ctrl_hs |      CNN     | return value |
|ap_rst          |  in |    1| ap_ctrl_hs |      CNN     | return value |
|ap_start        |  in |    1| ap_ctrl_hs |      CNN     | return value |
|ap_done         | out |    1| ap_ctrl_hs |      CNN     | return value |
|ap_idle         | out |    1| ap_ctrl_hs |      CNN     | return value |
|ap_ready        | out |    1| ap_ctrl_hs |      CNN     | return value |
|datain_dout     |  in |   16|   ap_fifo  |    datain    |    pointer   |
|datain_empty_n  |  in |    1|   ap_fifo  |    datain    |    pointer   |
|datain_read     | out |    1|   ap_fifo  |    datain    |    pointer   |
|op_out_din      | out |   16|   ap_fifo  |    op_out    |    pointer   |
|op_out_full_n   |  in |    1|   ap_fifo  |    op_out    |    pointer   |
|op_out_write    | out |    1|   ap_fifo  |    op_out    |    pointer   |
+----------------+-----+-----+------------+--------------+--------------+

